MPLINK 4.34, Linker
Linker Map File - Created Mon Jan 16 15:04:36 2017

                                 Section Info
                  Section       Type    Address   Location Size(Bytes)
                ---------  ---------  ---------  ---------  ---------
               _entry_scn       code   0x000000    program   0x000006
    HIGH_INTERRUPT_VECTOR       code   0x000008    program   0x000006
     LOW_INTERRUPT_VECTOR       code   0x000018    program   0x000006
    REMAPPED_RESET_VECTOR       code   0x001000    program   0x000006
REMAPPED_HIGH_INTERRUPT_VECTOR       code   0x001008    program   0x000006
REMAPPED_LOW_INTERRUPT_VECTOR       code   0x001018    program   0x000006
                   .cinit    romdata   0x00102a    program   0x000026
  .code_OBJECTS\PCRTask.o       code   0x001050    program   0x0011de
.code_OBJECTS\usb_device.o       code   0x00222e    program   0x00108e
.romdata_OBJECTS\Temp_Table.o    romdata   0x0032bc    program   0x000800
                     PROG       code   0x003abc    program   0x00048c
 .code_OBJECTS\Usb_Task.o       code   0x003f48    program   0x0001e2
     .code_OBJECTS\Init.o       code   0x00412a    program   0x00010a
.code_OBJECTS\usb_function_hid.o       code   0x004234    program   0x0000e4
    .code_OBJECTS\Timer.o       code   0x004318    program   0x0000e0
     .code_OBJECTS\main.o       code   0x0043f8    program   0x0000cc
.romdata_OBJECTS\usb_descriptors.o    romdata   0x0044c4    program   0x0000aa
               _cinit_scn       code   0x00456e    program   0x00009e
                   STRING       code   0x00460c    program   0x00008a
             .code_fabs.o       code   0x004696    program   0x000066
    .code_OBJECTS\Delay.o       code   0x0046fc    program   0x00005e
         .code_fxd1616u.o       code   0x00475a    program   0x00002c
                    .code       code   0x004786    program   0x000020
             _startup_scn       code   0x0047a6    program   0x00001c
           .code___init.o       code   0x0047c2    program   0x000002
.idata_OBJECTS\Usb_Task.o_i    romdata   0x0047c4    program   0x000004
.romdata_OBJECTS\Usb_Task.o    romdata   0x0047c4    program   0x000000
.romdata_OBJECTS\PCRTask.o    romdata   0x0047c4    program   0x000000
.idata_OBJECTS\usb_descriptors.o_i    romdata   0x0047c4    program   0x000000
      .idata_fxd1616u.o_i    romdata   0x0047c4    program   0x000000
 .romdata_OBJECTS\Delay.o    romdata   0x0047c4    program   0x000000
      .romdata_fxd1616u.o    romdata   0x0047c4    program   0x000000
        .idata___init.o_i    romdata   0x0047c4    program   0x000000
        .romdata___init.o    romdata   0x0047c4    program   0x000000
          .idata_fabs.o_i    romdata   0x0047c4    program   0x000000
          .romdata_fabs.o    romdata   0x0047c4    program   0x000000
  .romdata_OBJECTS\main.o    romdata   0x0047c4    program   0x000000
         .idata_c018i.o_i    romdata   0x0047c4    program   0x000000
         .romdata_c018i.o    romdata   0x0047c4    program   0x000000
.idata_OBJECTS\usb_device.o_i    romdata   0x0047c4    program   0x000000
.romdata_OBJECTS\usb_device.o    romdata   0x0047c4    program   0x000000
.idata_OBJECTS\usb_function_hid.o_i    romdata   0x0047c4    program   0x000000
.romdata_OBJECTS\usb_function_hid.o    romdata   0x0047c4    program   0x000000
  .romdata_OBJECTS\Init.o    romdata   0x0047c4    program   0x000000
.romdata_OBJECTS\Pragma.o    romdata   0x0047c4    program   0x000000
  .idata_OBJECTS\main.o_i    romdata   0x0047c4    program   0x000000
 .romdata_OBJECTS\Timer.o    romdata   0x0047c4    program   0x000000
.romdata_OBJECTS\GlobalTypeVars.o    romdata   0x0047c4    program   0x000000
 .idata_OBJECTS\Timer.o_i    romdata   0x0047c8    program   0x000000
.idata_OBJECTS\PCRTask.o_i    romdata   0x0047c8    program   0x00002b
.idata_OBJECTS\Pragma.o_i    romdata   0x0047c8    program   0x000000
.idata_OBJECTS\Temp_Table.o_i    romdata   0x0047c8    program   0x000000
.idata_OBJECTS\GlobalTypeVars.o_i    romdata   0x0047f3    program   0x00000e
  .idata_OBJECTS\Init.o_i    romdata   0x0047f3    program   0x000000
 .idata_OBJECTS\Delay.o_i    romdata   0x004801    program   0x000000
.code_OBJECTS\Temp_Table.o       code   0x004802    program   0x000000
   .code_OBJECTS\Pragma.o       code   0x004802    program   0x000000
            .code_c018i.o       code   0x004802    program   0x000000
.code_OBJECTS\GlobalTypeVars.o       code   0x004802    program   0x000000
.code_OBJECTS\usb_descriptors.o       code   0x004802    program   0x000000
.config_300000_OBJECTS\Pragma.o    romdata   0x300000    program   0x000001
.config_300001_OBJECTS\Pragma.o    romdata   0x300001    program   0x000001
.config_300002_OBJECTS\Pragma.o    romdata   0x300002    program   0x000001
.config_300003_OBJECTS\Pragma.o    romdata   0x300003    program   0x000001
.config_300005_OBJECTS\Pragma.o    romdata   0x300005    program   0x000001
.config_300006_OBJECTS\Pragma.o    romdata   0x300006    program   0x000001
.config_300008_OBJECTS\Pragma.o    romdata   0x300008    program   0x000001
.config_300009_OBJECTS\Pragma.o    romdata   0x300009    program   0x000001
.config_30000a_OBJECTS\Pragma.o    romdata   0x30000a    program   0x000001
.config_30000b_OBJECTS\Pragma.o    romdata   0x30000b    program   0x000001
.config_30000c_OBJECTS\Pragma.o    romdata   0x30000c    program   0x000001
.config_30000d_OBJECTS\Pragma.o    romdata   0x30000d    program   0x000001
            EEPROMAddress    romdata   0xf000ff    program   0x000001
                MATH_DATA      udata   0x000000       data   0x000014
                 .tmpdata      udata   0x000014       data   0x000010
.udata_OBJECTS\GlobalTypeVars.o      udata   0x000060       data   0x000080
.idata_OBJECTS\GlobalTypeVars.o      idata   0x0000e0       data   0x00000e
           .udata_c018i.o      udata   0x0000ee       data   0x00000a
.idata_OBJECTS\Usb_Task.o      idata   0x0000f8       data   0x000004
.udata_OBJECTS\usb_function_hid.o      udata   0x0000fc       data   0x000002
.udata_OBJECTS\Usb_Task.o      udata   0x0000fe       data   0x000002
 .idata_OBJECTS\PCRTask.o      idata   0x000100       data   0x00002b
 .udata_OBJECTS\PCRTask.o      udata   0x00012b       data   0x000028
.udata_OBJECTS\usb_device.o      udata   0x000153       data   0x000026
.udata_OBJECTS\usb_descriptors.o      udata   0x000179       data   0x000000
.idata_OBJECTS\usb_descriptors.o      idata   0x000179       data   0x000000
.udata_OBJECTS\Temp_Table.o      udata   0x000179       data   0x000000
.idata_OBJECTS\Temp_Table.o      idata   0x000179       data   0x000000
        .udata_fxd1616u.o      udata   0x000179       data   0x000000
        .idata_fxd1616u.o      idata   0x000179       data   0x000000
          .udata___init.o      udata   0x000179       data   0x000000
          .idata___init.o      idata   0x000179       data   0x000000
            .udata_fabs.o      udata   0x000179       data   0x000000
            .idata_fabs.o      idata   0x000179       data   0x000000
   .idata_OBJECTS\Delay.o      idata   0x000179       data   0x000000
   .udata_OBJECTS\Delay.o      udata   0x000179       data   0x000000
    .idata_OBJECTS\main.o      idata   0x000179       data   0x000000
    .udata_OBJECTS\main.o      udata   0x000179       data   0x000000
   .idata_OBJECTS\Timer.o      idata   0x000179       data   0x000000
   .udata_OBJECTS\Timer.o      udata   0x000179       data   0x000000
  .idata_OBJECTS\Pragma.o      idata   0x000179       data   0x000000
  .udata_OBJECTS\Pragma.o      udata   0x000179       data   0x000000
           .idata_c018i.o      idata   0x000179       data   0x000000
    .idata_OBJECTS\Init.o      idata   0x000179       data   0x000000
    .udata_OBJECTS\Init.o      udata   0x000179       data   0x000000
.idata_OBJECTS\usb_function_hid.o      idata   0x000179       data   0x000000
.idata_OBJECTS\usb_device.o      idata   0x000179       data   0x000000
                   .stack      udata   0x000300       data   0x000100
                  USB_BDT      udata   0x000400       data   0x000036
            USB_VARIABLES      udata   0x000500       data   0x000080
            SFR_UNBANKED0      udata   0x000f62       data   0x00009e



                              Program Memory Usage 
                               Start         End      
                           ---------   ---------      
                            0x000000    0x000005      
                            0x000008    0x00000d      
                            0x000018    0x00001d      
                            0x001000    0x001005      
                            0x001008    0x00100d      
                            0x001018    0x00101d      
                            0x00102a    0x004800      
                            0x300000    0x300003      
                            0x300005    0x300006      
                            0x300008    0x30000d      
                            0xf000ff    0xf000ff      
            14344 out of 33048 program addresses used, program memory utilization is 43%



                              Symbols - Sorted by Name
                     Name    Address   Location    Storage File                     
                ---------  ---------  ---------  --------- ---------                
          Command_Setting   0x0018a8    program     extern E:\LabGenius_Firmware\MicroPCR_Firmware-2.45\PCR\PCRTask.c
                    Delay   0x0046fc    program     extern E:\LabGenius_Firmware\MicroPCR_Firmware-2.45\TOOLS\Delay.c
               EEPROMData   0xf000ff    program     extern E:\LabGenius_Firmware\MicroPCR_Firmware-2.45\main.c
                 FLO0832S   0x003ac0    program     extern C:\MCC18\src\traditional\math\cast08FP.asm
                 FLO0832U   0x003abc    program     extern C:\MCC18\src\traditional\math\cast08FP.asm
                 FLO1632S   0x003ae2    program     extern C:\MCC18\src\traditional\math\cast16FP.asm
                 FLO1632U   0x003ade    program     extern C:\MCC18\src\traditional\math\cast16FP.asm
                    FPA32   0x003b0a    program     extern C:\MCC18\src\traditional\math\addFP.asm
                    FPM32   0x003c36    program     extern C:\MCC18\src\traditional\math\mulFP.asm
                    FPS32   0x003b08    program     extern C:\MCC18\src\traditional\math\addFP.asm
                 FXD1616U   0x00475a    program     extern C:\MCC18\src\traditional\math\fxd1616u.c
                 High_ISR   0x000008    program     extern E:\LabGenius_Firmware\MicroPCR_Firmware-2.45\CONFIG\BootLoader.h
                  INT3216   0x003d10    program     extern C:\MCC18\src\traditional\math\castFP16.asm
                     Init   0x00412a    program     extern E:\LabGenius_Firmware\MicroPCR_Firmware-2.45\CONFIG\Init.c
         InitializeDevice   0x00413e    program     extern E:\LabGenius_Firmware\MicroPCR_Firmware-2.45\CONFIG\Init.c
         InitializeSystem   0x004138    program     extern E:\LabGenius_Firmware\MicroPCR_Firmware-2.45\CONFIG\Init.c
           InitializeUser   0x00419e    program     extern E:\LabGenius_Firmware\MicroPCR_Firmware-2.45\CONFIG\Init.c
          Jump_Bootloader   0x003ffa    program     extern E:\LabGenius_Firmware\MicroPCR_Firmware-2.45\USB\Usb_Task.c
                  Low_ISR   0x000018    program     extern E:\LabGenius_Firmware\MicroPCR_Firmware-2.45\CONFIG\BootLoader.h
               MainLooper   0x0041d8    program     extern E:\LabGenius_Firmware\MicroPCR_Firmware-2.45\CONFIG\Init.c
        NTC_CHAMBER_TABLE   0x0032bc    program     extern E:\LabGenius_Firmware\MicroPCR_Firmware-2.45\PCR\Temp_Table.c
                 PCR_Task   0x001050    program     extern E:\LabGenius_Firmware\MicroPCR_Firmware-2.45\PCR\PCRTask.c
              PID_Control   0x001b52    program     extern E:\LabGenius_Firmware\MicroPCR_Firmware-2.45\PCR\PCRTask.c
           ReadPhotodiode   0x00118c    program     extern E:\LabGenius_Firmware\MicroPCR_Firmware-2.45\PCR\PCRTask.c
          ReadTemperature   0x001088    program     extern E:\LabGenius_Firmware\MicroPCR_Firmware-2.45\PCR\PCRTask.c
        Remapped_High_ISR   0x001008    program     extern E:\LabGenius_Firmware\MicroPCR_Firmware-2.45\CONFIG\BootLoader.h
         Remapped_Low_ISR   0x001018    program     extern E:\LabGenius_Firmware\MicroPCR_Firmware-2.45\CONFIG\BootLoader.h
                 Run_Task   0x0019d6    program     extern E:\LabGenius_Firmware\MicroPCR_Firmware-2.45\PCR\PCRTask.c
              Sensor_Task   0x0015c6    program     extern E:\LabGenius_Firmware\MicroPCR_Firmware-2.45\PCR\PCRTask.c
                Stop_Task   0x002170    program     extern E:\LabGenius_Firmware\MicroPCR_Firmware-2.45\PCR\PCRTask.c
                  TAGTB32   0x003d6e    program     extern C:\MCC18\src\traditional\math\gtFP.asm
                  TALTB32   0x003d80    program     extern C:\MCC18\src\traditional\math\ltFP.asm
               TIMR1_init   0x004318    program     extern E:\LabGenius_Firmware\MicroPCR_Firmware-2.45\PCR\Timer.c
         TxBuffer_Setting   0x002182    program     extern E:\LabGenius_Firmware\MicroPCR_Firmware-2.45\PCR\PCRTask.c
       USBCBCheckOtherReq   0x00403a    program     extern E:\LabGenius_Firmware\MicroPCR_Firmware-2.45\USB\Usb_Task.c
        USBCBErrorHandler   0x004038    program     extern E:\LabGenius_Firmware\MicroPCR_Firmware-2.45\USB\Usb_Task.c
              USBCBInitEP   0x004040    program     extern E:\LabGenius_Firmware\MicroPCR_Firmware-2.45\USB\Usb_Task.c
          USBCBSendResume   0x004078    program     extern E:\LabGenius_Firmware\MicroPCR_Firmware-2.45\USB\Usb_Task.c
    USBCBStdSetDscHandler   0x00403e    program     extern E:\LabGenius_Firmware\MicroPCR_Firmware-2.45\USB\Usb_Task.c
             USBCBSuspend   0x004032    program     extern E:\LabGenius_Firmware\MicroPCR_Firmware-2.45\USB\Usb_Task.c
     USBCBWakeFromSuspend   0x004034    program     extern E:\LabGenius_Firmware\MicroPCR_Firmware-2.45\USB\Usb_Task.c
        USBCB_SOF_Handler   0x004036    program     extern E:\LabGenius_Firmware\MicroPCR_Firmware-2.45\USB\Usb_Task.c
              USBCancelIO   0x0031d0    program     extern E:\LabGenius_Firmware\MicroPCR_Firmware-2.45\USB\usb_device.c
       USBCheckHIDRequest   0x004234    program     extern E:\LabGenius_Firmware\MicroPCR_Firmware-2.45\USB\usb_function_hid.c
       USBCheckStdRequest   0x0026f8    program     extern E:\LabGenius_Firmware\MicroPCR_Firmware-2.45\USB\usb_device.c
     USBConfigureEndpoint   0x002ebe    program     extern E:\LabGenius_Firmware\MicroPCR_Firmware-2.45\USB\usb_device.c
         USBCtrlEPService   0x00248c    program     extern E:\LabGenius_Firmware\MicroPCR_Firmware-2.45\USB\usb_device.c
 USBCtrlEPServiceComplete   0x002a50    program     extern E:\LabGenius_Firmware\MicroPCR_Firmware-2.45\USB\usb_device.c
      USBCtrlTrfInHandler   0x0025f8    program     extern E:\LabGenius_Firmware\MicroPCR_Firmware-2.45\USB\usb_device.c
     USBCtrlTrfOutHandler   0x0025ac    program     extern E:\LabGenius_Firmware\MicroPCR_Firmware-2.45\USB\usb_device.c
      USBCtrlTrfRxService   0x002d10    program     extern E:\LabGenius_Firmware\MicroPCR_Firmware-2.45\USB\usb_device.c
   USBCtrlTrfSetupHandler   0x002566    program     extern E:\LabGenius_Firmware\MicroPCR_Firmware-2.45\USB\usb_device.c
      USBCtrlTrfTxService   0x002bfa    program     extern E:\LabGenius_Firmware\MicroPCR_Firmware-2.45\USB\usb_device.c
          USBDeviceAttach   0x00328e    program     extern E:\LabGenius_Firmware\MicroPCR_Firmware-2.45\USB\usb_device.c
          USBDeviceDetach   0x003280    program     extern E:\LabGenius_Firmware\MicroPCR_Firmware-2.45\USB\usb_device.c
            USBDeviceInit   0x00222e    program     extern E:\LabGenius_Firmware\MicroPCR_Firmware-2.45\USB\usb_device.c
           USBDeviceTasks   0x0022ca    program     extern E:\LabGenius_Firmware\MicroPCR_Firmware-2.45\USB\usb_device.c
        USBEnableEndpoint   0x002f92    program     extern E:\LabGenius_Firmware\MicroPCR_Firmware-2.45\USB\usb_device.c
USBPrepareForNextSetupTrf   0x002692    program     extern E:\LabGenius_Firmware\MicroPCR_Firmware-2.45\USB\usb_device.c
         USBStallEndpoint   0x002ffe    program     extern E:\LabGenius_Firmware\MicroPCR_Firmware-2.45\USB\usb_device.c
          USBStallHandler   0x00240c    program     extern E:\LabGenius_Firmware\MicroPCR_Firmware-2.45\USB\usb_device.c
  USBStdFeatureReqHandler   0x0027c0    program     extern E:\LabGenius_Firmware\MicroPCR_Firmware-2.45\USB\usb_device.c
      USBStdGetDscHandler   0x0028da    program     extern E:\LabGenius_Firmware\MicroPCR_Firmware-2.45\USB\usb_device.c
   USBStdGetStatusHandler   0x00298e    program     extern E:\LabGenius_Firmware\MicroPCR_Firmware-2.45\USB\usb_device.c
      USBStdSetCfgHandler   0x002e4c    program     extern E:\LabGenius_Firmware\MicroPCR_Firmware-2.45\USB\usb_device.c
               USBSuspend   0x00243e    program     extern E:\LabGenius_Firmware\MicroPCR_Firmware-2.45\USB\usb_device.c
     USBTransferOnePacket   0x0030de    program     extern E:\LabGenius_Firmware\MicroPCR_Firmware-2.45\USB\usb_device.c
       USBWakeFromSuspend   0x002462    program     extern E:\LabGenius_Firmware\MicroPCR_Firmware-2.45\USB\usb_device.c
               USB_CD_Ptr   0x004564    program     extern E:\LabGenius_Firmware\MicroPCR_Firmware-2.45\USB\usb_descriptors.c
               USB_SD_Ptr   0x004566    program     extern E:\LabGenius_Firmware\MicroPCR_Firmware-2.45\USB\usb_descriptors.c
                 USB_Task   0x003f48    program     extern E:\LabGenius_Firmware\MicroPCR_Firmware-2.45\USB\Usb_Task.c
USER_USB_CALLBACK_EVENT_HANDLER   0x004094    program     extern E:\LabGenius_Firmware\MicroPCR_Firmware-2.45\USB\Usb_Task.c
  YourHighPriorityISRCode   0x0043f8    program     extern E:\LabGenius_Firmware\MicroPCR_Firmware-2.45\CONFIG\BootLoader.h
   YourLowPriorityISRCode   0x004492    program     extern E:\LabGenius_Firmware\MicroPCR_Firmware-2.45\CONFIG\BootLoader.h
              _2jContinue   0x004682    program     static C:\MCC18\src\traditional\stdclib\memset.asm
                   _3jEnd   0x00468c    program     static C:\MCC18\src\traditional\stdclib\memset.asm
              _4jContinue   0x004640    program     static C:\MCC18\src\traditional\stdclib\memcpy.asm
                   _5jEnd   0x00464a    program     static C:\MCC18\src\traditional\stdclib\memcpy.asm
              __FpCompare   0x003d92    program     extern C:\MCC18\src\traditional\math\compFP.asm
                 __FpExit   0x003e48    program     extern C:\MCC18\src\traditional\math\packFP.asm
                 __FpPack   0x003e74    program     extern C:\MCC18\src\traditional\math\packFP.asm
            __FpReturnNaN   0x003e3c    program     extern C:\MCC18\src\traditional\math\packFP.asm
         __FpReturnNegInf   0x003e4e    program     extern C:\MCC18\src\traditional\math\packFP.asm
        __FpReturnNegZero   0x003e66    program     extern C:\MCC18\src\traditional\math\packFP.asm
         __FpReturnPosInf   0x003e54    program     extern C:\MCC18\src\traditional\math\packFP.asm
        __FpReturnPosZero   0x003e6e    program     extern C:\MCC18\src\traditional\math\packFP.asm
        __FpReturnSignInf   0x003e4a    program     extern C:\MCC18\src\traditional\math\packFP.asm
       __FpReturnSignZero   0x003e62    program     extern C:\MCC18\src\traditional\math\packFP.asm
              __FpReturnW   0x003ecc    program     extern C:\MCC18\src\traditional\math\packFP.asm
              __FpUnPackA   0x003eec    program     extern C:\MCC18\src\traditional\math\UnpackFP.asm
              __FpUnPackB   0x003f1c    program     extern C:\MCC18\src\traditional\math\UnpackFP.asm
      ___case_-1_lbl00030   0x004114    program     static                          
     ___case_114_lbl00031   0x004118    program     static                          
     ___case_115_lbl00027   0x004108    program     static                          
     ___case_116_lbl00029   0x004110    program     static                          
     ___case_117_lbl00028   0x00410c    program     static                          
       ___case_1_lbl00024   0x0040fc    program     static                          
       ___case_2_lbl00025   0x004100    program     static                          
       ___case_3_lbl00026   0x004104    program     static                          
      ___default_lbl00032   0x00411c    program     static                          
           ___if_lbl00010   0x00402a    program     static                          
       ___return_lbl00000   0x004784    program     static                          
       ___return_lbl00000   0x000004    program     static                          
       ___return_lbl00000   0x001004    program     static                          
       ___return_lbl00001   0x00100c    program     static                          
       ___return_lbl00001   0x0047c0    program     static                          
       ___return_lbl00002   0x00101c    program     static                          
       ___return_lbl00002   0x00460a    program     static                          
       ___return_lbl00003   0x00000c    program     static                          
       ___return_lbl00004   0x00001c    program     static                          
       ___return_lbl00009   0x00402a    program     static                          
       ___return_lbl00022   0x004122    program     static                          
   ___switchexit_lbl00023   0x00411e    program     static                          
               __config_0   0x300000    program     static E:\LabGenius_Firmware\MicroPCR_Firmware-2.45\CONFIG\Pragma.c
               __config_1   0x300001    program     static E:\LabGenius_Firmware\MicroPCR_Firmware-2.45\CONFIG\Pragma.c
              __config_10   0x30000c    program     static E:\LabGenius_Firmware\MicroPCR_Firmware-2.45\CONFIG\Pragma.c
              __config_11   0x30000d    program     static E:\LabGenius_Firmware\MicroPCR_Firmware-2.45\CONFIG\Pragma.c
               __config_2   0x300002    program     static E:\LabGenius_Firmware\MicroPCR_Firmware-2.45\CONFIG\Pragma.c
               __config_3   0x300003    program     static E:\LabGenius_Firmware\MicroPCR_Firmware-2.45\CONFIG\Pragma.c
               __config_4   0x300005    program     static E:\LabGenius_Firmware\MicroPCR_Firmware-2.45\CONFIG\Pragma.c
               __config_5   0x300006    program     static E:\LabGenius_Firmware\MicroPCR_Firmware-2.45\CONFIG\Pragma.c
               __config_6   0x300008    program     static E:\LabGenius_Firmware\MicroPCR_Firmware-2.45\CONFIG\Pragma.c
               __config_7   0x300009    program     static E:\LabGenius_Firmware\MicroPCR_Firmware-2.45\CONFIG\Pragma.c
               __config_8   0x30000a    program     static E:\LabGenius_Firmware\MicroPCR_Firmware-2.45\CONFIG\Pragma.c
               __config_9   0x30000b    program     static E:\LabGenius_Firmware\MicroPCR_Firmware-2.45\CONFIG\Pragma.c
                   __init   0x0047c2    program     extern C:\MCC18\src\traditional\stdclib\__init.c
               __tmplbl_2   0x0040b0    program     static                          
               __tmplbl_3   0x0040bc    program     static                          
               __tmplbl_4   0x0040c6    program     static                          
               __tmplbl_5   0x0040d0    program     static                          
               __tmplbl_6   0x0040da    program     static                          
               __tmplbl_7   0x0040e4    program     static                          
               __tmplbl_8   0x0040ee    program     static                          
               __tmplbl_9   0x0040f8    program     static                          
            __zero_memory   0x004786    program     extern C:\MCC18\src\traditional\proc\p18F4553.asm
                _do_cinit   0x00456e    program     extern C:\MCC18\src\traditional\startup\c018i.c
                   _entry   0x000000    program     extern C:\MCC18\src\traditional\startup\c018i.c
                   _reset   0x001000    program     extern E:\LabGenius_Firmware\MicroPCR_Firmware-2.45\CONFIG\BootLoader.h
                 _startup   0x0047a6    program     extern C:\MCC18\src\traditional\startup\c018i.c
                compare_l   0x00479c    program     static C:\MCC18\src\traditional\proc\p18F4553.asm
        configDescriptor1   0x0044d6    program     extern E:\LabGenius_Firmware\MicroPCR_Firmware-2.45\USB\usb_descriptors.c
                copy_loop   0x0045e0    program     static                          
            copy_one_byte   0x0045e6    program     static                          
               device_dsc   0x0044c4    program     extern E:\LabGenius_Firmware\MicroPCR_Firmware-2.45\USB\usb_descriptors.c
                     done   0x00460a    program     static                          
             done_copying   0x0045f4    program     static                          
                  endloop   0x004780    program     static                          
                     fabs   0x004696    program     extern C:\MCC18\src\traditional\stdclib\fabs.c
                hid_rpt01   0x004547    program     extern E:\LabGenius_Firmware\MicroPCR_Firmware-2.45\USB\usb_descriptors.c
                 jANotInf   0x003c54    program     static C:\MCC18\src\traditional\math\mulFP.asm
                 jANotInf   0x003b32    program     static C:\MCC18\src\traditional\math\addFP.asm
                 jANotNeg   0x003bc6    program     static C:\MCC18\src\traditional\math\addFP.asm
              jAandWsetup   0x003b96    program     static C:\MCC18\src\traditional\math\addFP.asm
                  jAisNeg   0x003e0e    program     static C:\MCC18\src\traditional\math\compFP.asm
                 jAltBexp   0x003b84    program     static C:\MCC18\src\traditional\math\addFP.asm
                jBANotInf   0x003b28    program     static C:\MCC18\src\traditional\math\addFP.asm
                 jBNotInf   0x003b40    program     static C:\MCC18\src\traditional\math\addFP.asm
              jBothFinite   0x003c62    program     static C:\MCC18\src\traditional\math\mulFP.asm
             jBothNotZero   0x003db0    program     static C:\MCC18\src\traditional\math\compFP.asm
             jBothNotZero   0x003c6e    program     static C:\MCC18\src\traditional\math\mulFP.asm
            jDifOrPosSign   0x003b54    program     static C:\MCC18\src\traditional\math\addFP.asm
                      jEQ   0x003dcc    program     static C:\MCC18\src\traditional\math\compFP.asm
                     jEnd   0x004650    program     static C:\MCC18\src\traditional\stdclib\memcpy.asm
                     jEnd   0x004694    program     static C:\MCC18\src\traditional\stdclib\memset.asm
                    jExch   0x003dd8    program     static C:\MCC18\src\traditional\math\compFP.asm
                    jExit   0x003d6c    program     static C:\MCC18\src\traditional\math\castFP16.asm
                   jExpEQ   0x003e1e    program     static C:\MCC18\src\traditional\math\compFP.asm
                   jFinal   0x003e02    program     static C:\MCC18\src\traditional\math\compFP.asm
               jFinalSign   0x003c2e    program     static C:\MCC18\src\traditional\math\addFP.asm
                jHaveZero   0x003c6a    program     static C:\MCC18\src\traditional\math\mulFP.asm
                jI2F08Beg   0x003aca    program     static C:\MCC18\src\traditional\math\cast08FP.asm
                jI2F16Beg   0x003af2    program     static C:\MCC18\src\traditional\math\cast16FP.asm
                    jLoop   0x003d4c    program     static C:\MCC18\src\traditional\math\castFP16.asm
                    jLoop   0x004676    program     static C:\MCC18\src\traditional\stdclib\memset.asm
                    jLoop   0x004634    program     static C:\MCC18\src\traditional\stdclib\memcpy.asm
                jLoopExit   0x003d5c    program     static C:\MCC18\src\traditional\math\castFP16.asm
                     jMax   0x003d20    program     static C:\MCC18\src\traditional\math\castFP16.asm
                  jMaxNeg   0x003d2e    program     static C:\MCC18\src\traditional\math\castFP16.asm
                  jMaxPos   0x003d24    program     static C:\MCC18\src\traditional\math\castFP16.asm
                      jNE   0x003dd0    program     static C:\MCC18\src\traditional\math\compFP.asm
                  jNoExch   0x003df8    program     static C:\MCC18\src\traditional\math\compFP.asm
             jNotBothZero   0x003b58    program     static C:\MCC18\src\traditional\math\addFP.asm
                  jNotInf   0x003d3c    program     static C:\MCC18\src\traditional\math\castFP16.asm
                  jPkLoop   0x003e82    program     static C:\MCC18\src\traditional\math\packFP.asm
             jPkRoundDone   0x003ecc    program     static C:\MCC18\src\traditional\math\packFP.asm
               jPkRoundIt   0x003eb4    program     static C:\MCC18\src\traditional\math\packFP.asm
             jPkShiftDone   0x003e9e    program     static C:\MCC18\src\traditional\math\packFP.asm
           jReturnPosInf0   0x003e58    program     static C:\MCC18\src\traditional\math\packFP.asm
                  jRotate   0x003e2a    program     static C:\MCC18\src\traditional\math\compFP.asm
                   jShift   0x003e14    program     static C:\MCC18\src\traditional\math\compFP.asm
               jShiftDone   0x003bee    program     static C:\MCC18\src\traditional\math\addFP.asm
               jShiftLoop   0x003be0    program     static C:\MCC18\src\traditional\math\addFP.asm
                jSignDone   0x003c1e    program     static C:\MCC18\src\traditional\math\addFP.asm
                 jSignsEQ   0x003db4    program     static C:\MCC18\src\traditional\math\compFP.asm
                  jUnpkA1   0x003ef6    program     static C:\MCC18\src\traditional\math\UnpackFP.asm
                  jUnpkA2   0x003f0e    program     static C:\MCC18\src\traditional\math\UnpackFP.asm
                 jUnpkANZ   0x003f04    program     static C:\MCC18\src\traditional\math\UnpackFP.asm
                  jUnpkB1   0x003f26    program     static C:\MCC18\src\traditional\math\UnpackFP.asm
                  jUnpkB2   0x003f3e    program     static C:\MCC18\src\traditional\math\UnpackFP.asm
                 jUnpkBNZ   0x003f34    program     static C:\MCC18\src\traditional\math\UnpackFP.asm
                 jUnpkNaN   0x003f18    program     static C:\MCC18\src\traditional\math\UnpackFP.asm
                 jWNotNeg   0x003bda    program     static C:\MCC18\src\traditional\math\addFP.asm
                    jZero   0x003d36    program     static C:\MCC18\src\traditional\math\castFP16.asm
               jZero1and2   0x003e5c    program     static C:\MCC18\src\traditional\math\packFP.asm
                     loop   0x0047b6    program     static                          
                     loop   0x004764    program     static                          
                   loop_h   0x004794    program     static C:\MCC18\src\traditional\proc\p18F4553.asm
                   loop_l   0x00479e    program     static C:\MCC18\src\traditional\proc\p18F4553.asm
                     main   0x0044b8    program     extern E:\LabGenius_Firmware\MicroPCR_Firmware-2.45\main.c
                   memcpy   0x00460c    program     extern C:\MCC18\src\traditional\stdclib\memcpy.asm
                   memset   0x004662    program     extern C:\MCC18\src\traditional\stdclib\memset.asm
                quickSort   0x001198    program     extern E:\LabGenius_Firmware\MicroPCR_Firmware-2.45\PCR\PCRTask.c
                    sd000   0x0044ff    program     extern E:\LabGenius_Firmware\MicroPCR_Firmware-2.45\USB\usb_descriptors.c
                    sd001   0x004503    program     extern E:\LabGenius_Firmware\MicroPCR_Firmware-2.45\USB\usb_descriptors.c
                    sd002   0x00451b    program     extern E:\LabGenius_Firmware\MicroPCR_Firmware-2.45\USB\usb_descriptors.c
                    sd003   0x00452f    program     extern E:\LabGenius_Firmware\MicroPCR_Firmware-2.45\USB\usb_descriptors.c
                     test   0x004588    program     static                          
               timer1_isr   0x004336    program     extern E:\LabGenius_Firmware\MicroPCR_Firmware-2.45\PCR\Timer.c
               zero_block   0x004794    program     static C:\MCC18\src\traditional\proc\p18F4553.asm
                   ADCON0   0x000fc2       data     extern C:\MCC18\src\traditional\proc\p18F4553.asm
               ADCON0bits   0x000fc2       data     extern C:\MCC18\src\traditional\proc\p18F4553.asm
                   ADCON1   0x000fc1       data     extern C:\MCC18\src\traditional\proc\p18F4553.asm
               ADCON1bits   0x000fc1       data     extern C:\MCC18\src\traditional\proc\p18F4553.asm
                   ADCON2   0x000fc0       data     extern C:\MCC18\src\traditional\proc\p18F4553.asm
               ADCON2bits   0x000fc0       data     extern C:\MCC18\src\traditional\proc\p18F4553.asm
                    ADRES   0x000fc3       data     extern C:\MCC18\src\traditional\proc\p18F4553.asm
                   ADRESH   0x000fc4       data     extern C:\MCC18\src\traditional\proc\p18F4553.asm
                   ADRESL   0x000fc3       data     extern C:\MCC18\src\traditional\proc\p18F4553.asm
                  BAUDCON   0x000fb8       data     extern C:\MCC18\src\traditional\proc\p18F4553.asm
              BAUDCONbits   0x000fb8       data     extern C:\MCC18\src\traditional\proc\p18F4553.asm
                      BDT   0x000400       data     extern E:\LabGenius_Firmware\MicroPCR_Firmware-2.45\USB\usb_device.c
                      BSR   0x000fe0       data     extern C:\MCC18\src\traditional\proc\p18F4553.asm
       BothEP0OutUOWNsSet   0x000174       data     extern E:\LabGenius_Firmware\MicroPCR_Firmware-2.45\USB\usb_device.c
                   CCP1AS   0x000fb6       data     extern C:\MCC18\src\traditional\proc\p18F4553.asm
               CCP1ASbits   0x000fb6       data     extern C:\MCC18\src\traditional\proc\p18F4553.asm
                  CCP1CON   0x000fbd       data     extern C:\MCC18\src\traditional\proc\p18F4553.asm
              CCP1CONbits   0x000fbd       data     extern C:\MCC18\src\traditional\proc\p18F4553.asm
                  CCP1DEL   0x000fb7       data     extern C:\MCC18\src\traditional\proc\p18F4553.asm
              CCP1DELbits   0x000fb7       data     extern C:\MCC18\src\traditional\proc\p18F4553.asm
                  CCP2CON   0x000fba       data     extern C:\MCC18\src\traditional\proc\p18F4553.asm
              CCP2CONbits   0x000fba       data     extern C:\MCC18\src\traditional\proc\p18F4553.asm
                    CCPR1   0x000fbe       data     extern C:\MCC18\src\traditional\proc\p18F4553.asm
                   CCPR1H   0x000fbf       data     extern C:\MCC18\src\traditional\proc\p18F4553.asm
                   CCPR1L   0x000fbe       data     extern C:\MCC18\src\traditional\proc\p18F4553.asm
                    CCPR2   0x000fbb       data     extern C:\MCC18\src\traditional\proc\p18F4553.asm
                   CCPR2H   0x000fbc       data     extern C:\MCC18\src\traditional\proc\p18F4553.asm
                   CCPR2L   0x000fbb       data     extern C:\MCC18\src\traditional\proc\p18F4553.asm
                    CMCON   0x000fb4       data     extern C:\MCC18\src\traditional\proc\p18F4553.asm
                CMCONbits   0x000fb4       data     extern C:\MCC18\src\traditional\proc\p18F4553.asm
                   CVRCON   0x000fb5       data     extern C:\MCC18\src\traditional\proc\p18F4553.asm
               CVRCONbits   0x000fb5       data     extern C:\MCC18\src\traditional\proc\p18F4553.asm
              CtrlTrfData   0x000428       data     extern E:\LabGenius_Firmware\MicroPCR_Firmware-2.45\USB\usb_device.c
                     DDRA   0x000f92       data     extern C:\MCC18\src\traditional\proc\p18F4553.asm
                 DDRAbits   0x000f92       data     extern C:\MCC18\src\traditional\proc\p18F4553.asm
                     DDRB   0x000f93       data     extern C:\MCC18\src\traditional\proc\p18F4553.asm
                 DDRBbits   0x000f93       data     extern C:\MCC18\src\traditional\proc\p18F4553.asm
                     DDRC   0x000f94       data     extern C:\MCC18\src\traditional\proc\p18F4553.asm
                 DDRCbits   0x000f94       data     extern C:\MCC18\src\traditional\proc\p18F4553.asm
                     DDRD   0x000f95       data     extern C:\MCC18\src\traditional\proc\p18F4553.asm
                 DDRDbits   0x000f95       data     extern C:\MCC18\src\traditional\proc\p18F4553.asm
                     DDRE   0x000f96       data     extern C:\MCC18\src\traditional\proc\p18F4553.asm
                 DDREbits   0x000f96       data     extern C:\MCC18\src\traditional\proc\p18F4553.asm
                  ECCP1AS   0x000fb6       data     extern C:\MCC18\src\traditional\proc\p18F4553.asm
              ECCP1ASbits   0x000fb6       data     extern C:\MCC18\src\traditional\proc\p18F4553.asm
                 ECCP1CON   0x000fbd       data     extern C:\MCC18\src\traditional\proc\p18F4553.asm
             ECCP1CONbits   0x000fbd       data     extern C:\MCC18\src\traditional\proc\p18F4553.asm
                 ECCP1DEL   0x000fb7       data     extern C:\MCC18\src\traditional\proc\p18F4553.asm
             ECCP1DELbits   0x000fb7       data     extern C:\MCC18\src\traditional\proc\p18F4553.asm
                    EEADR   0x000fa9       data     extern C:\MCC18\src\traditional\proc\p18F4553.asm
                   EECON1   0x000fa6       data     extern C:\MCC18\src\traditional\proc\p18F4553.asm
               EECON1bits   0x000fa6       data     extern C:\MCC18\src\traditional\proc\p18F4553.asm
                   EECON2   0x000fa7       data     extern C:\MCC18\src\traditional\proc\p18F4553.asm
                   EEDATA   0x000fa8       data     extern C:\MCC18\src\traditional\proc\p18F4553.asm
                     FSR0   0x000fe9       data     extern C:\MCC18\src\traditional\proc\p18F4553.asm
                    FSR0H   0x000fea       data     extern C:\MCC18\src\traditional\proc\p18F4553.asm
                    FSR0L   0x000fe9       data     extern C:\MCC18\src\traditional\proc\p18F4553.asm
                     FSR1   0x000fe1       data     extern C:\MCC18\src\traditional\proc\p18F4553.asm
                    FSR1H   0x000fe2       data     extern C:\MCC18\src\traditional\proc\p18F4553.asm
                    FSR1L   0x000fe1       data     extern C:\MCC18\src\traditional\proc\p18F4553.asm
                     FSR2   0x000fd9       data     extern C:\MCC18\src\traditional\proc\p18F4553.asm
                    FSR2H   0x000fda       data     extern C:\MCC18\src\traditional\proc\p18F4553.asm
                    FSR2L   0x000fd9       data     extern C:\MCC18\src\traditional\proc\p18F4553.asm
                  HLVDCON   0x000fd2       data     extern C:\MCC18\src\traditional\proc\p18F4553.asm
              HLVDCONbits   0x000fd2       data     extern C:\MCC18\src\traditional\proc\p18F4553.asm
                    INDF0   0x000fef       data     extern C:\MCC18\src\traditional\proc\p18F4553.asm
                    INDF1   0x000fe7       data     extern C:\MCC18\src\traditional\proc\p18F4553.asm
                    INDF2   0x000fdf       data     extern C:\MCC18\src\traditional\proc\p18F4553.asm
                   INTCON   0x000ff2       data     extern C:\MCC18\src\traditional\proc\p18F4553.asm
                  INTCON2   0x000ff1       data     extern C:\MCC18\src\traditional\proc\p18F4553.asm
              INTCON2bits   0x000ff1       data     extern C:\MCC18\src\traditional\proc\p18F4553.asm
                  INTCON3   0x000ff0       data     extern C:\MCC18\src\traditional\proc\p18F4553.asm
              INTCON3bits   0x000ff0       data     extern C:\MCC18\src\traditional\proc\p18F4553.asm
               INTCONbits   0x000ff2       data     extern C:\MCC18\src\traditional\proc\p18F4553.asm
                     IPR1   0x000f9f       data     extern C:\MCC18\src\traditional\proc\p18F4553.asm
                 IPR1bits   0x000f9f       data     extern C:\MCC18\src\traditional\proc\p18F4553.asm
                     IPR2   0x000fa2       data     extern C:\MCC18\src\traditional\proc\p18F4553.asm
                 IPR2bits   0x000fa2       data     extern C:\MCC18\src\traditional\proc\p18F4553.asm
                     LATA   0x000f89       data     extern C:\MCC18\src\traditional\proc\p18F4553.asm
                 LATAbits   0x000f89       data     extern C:\MCC18\src\traditional\proc\p18F4553.asm
                     LATB   0x000f8a       data     extern C:\MCC18\src\traditional\proc\p18F4553.asm
                 LATBbits   0x000f8a       data     extern C:\MCC18\src\traditional\proc\p18F4553.asm
                     LATC   0x000f8b       data     extern C:\MCC18\src\traditional\proc\p18F4553.asm
                 LATCbits   0x000f8b       data     extern C:\MCC18\src\traditional\proc\p18F4553.asm
                     LATD   0x000f8c       data     extern C:\MCC18\src\traditional\proc\p18F4553.asm
                 LATDbits   0x000f8c       data     extern C:\MCC18\src\traditional\proc\p18F4553.asm
                     LATE   0x000f8d       data     extern C:\MCC18\src\traditional\proc\p18F4553.asm
                 LATEbits   0x000f8d       data     extern C:\MCC18\src\traditional\proc\p18F4553.asm
                   LVDCON   0x000fd2       data     extern C:\MCC18\src\traditional\proc\p18F4553.asm
               LVDCONbits   0x000fd2       data     extern C:\MCC18\src\traditional\proc\p18F4553.asm
                   OSCCON   0x000fd3       data     extern C:\MCC18\src\traditional\proc\p18F4553.asm
               OSCCONbits   0x000fd3       data     extern C:\MCC18\src\traditional\proc\p18F4553.asm
                  OSCTUNE   0x000f9b       data     extern C:\MCC18\src\traditional\proc\p18F4553.asm
              OSCTUNEbits   0x000f9b       data     extern C:\MCC18\src\traditional\proc\p18F4553.asm
                       PC   0x000ff9       data     extern C:\MCC18\src\traditional\proc\p18F4553.asm
                      PCL   0x000ff9       data     extern C:\MCC18\src\traditional\proc\p18F4553.asm
                   PCLATH   0x000ffa       data     extern C:\MCC18\src\traditional\proc\p18F4553.asm
                   PCLATU   0x000ffb       data     extern C:\MCC18\src\traditional\proc\p18F4553.asm
                     PIE1   0x000f9d       data     extern C:\MCC18\src\traditional\proc\p18F4553.asm
                 PIE1bits   0x000f9d       data     extern C:\MCC18\src\traditional\proc\p18F4553.asm
                     PIE2   0x000fa0       data     extern C:\MCC18\src\traditional\proc\p18F4553.asm
                 PIE2bits   0x000fa0       data     extern C:\MCC18\src\traditional\proc\p18F4553.asm
                     PIR1   0x000f9e       data     extern C:\MCC18\src\traditional\proc\p18F4553.asm
                 PIR1bits   0x000f9e       data     extern C:\MCC18\src\traditional\proc\p18F4553.asm
                     PIR2   0x000fa1       data     extern C:\MCC18\src\traditional\proc\p18F4553.asm
                 PIR2bits   0x000fa1       data     extern C:\MCC18\src\traditional\proc\p18F4553.asm
                   PLUSW0   0x000feb       data     extern C:\MCC18\src\traditional\proc\p18F4553.asm
                   PLUSW1   0x000fe3       data     extern C:\MCC18\src\traditional\proc\p18F4553.asm
                   PLUSW2   0x000fdb       data     extern C:\MCC18\src\traditional\proc\p18F4553.asm
                    PORTA   0x000f80       data     extern C:\MCC18\src\traditional\proc\p18F4553.asm
                PORTAbits   0x000f80       data     extern C:\MCC18\src\traditional\proc\p18F4553.asm
                    PORTB   0x000f81       data     extern C:\MCC18\src\traditional\proc\p18F4553.asm
                PORTBbits   0x000f81       data     extern C:\MCC18\src\traditional\proc\p18F4553.asm
                    PORTC   0x000f82       data     extern C:\MCC18\src\traditional\proc\p18F4553.asm
                PORTCbits   0x000f82       data     extern C:\MCC18\src\traditional\proc\p18F4553.asm
                    PORTD   0x000f83       data     extern C:\MCC18\src\traditional\proc\p18F4553.asm
                PORTDbits   0x000f83       data     extern C:\MCC18\src\traditional\proc\p18F4553.asm
                    PORTE   0x000f84       data     extern C:\MCC18\src\traditional\proc\p18F4553.asm
                PORTEbits   0x000f84       data     extern C:\MCC18\src\traditional\proc\p18F4553.asm
                 POSTDEC0   0x000fed       data     extern C:\MCC18\src\traditional\proc\p18F4553.asm
                 POSTDEC1   0x000fe5       data     extern C:\MCC18\src\traditional\proc\p18F4553.asm
                 POSTDEC2   0x000fdd       data     extern C:\MCC18\src\traditional\proc\p18F4553.asm
                 POSTINC0   0x000fee       data     extern C:\MCC18\src\traditional\proc\p18F4553.asm
                 POSTINC1   0x000fe6       data     extern C:\MCC18\src\traditional\proc\p18F4553.asm
                 POSTINC2   0x000fde       data     extern C:\MCC18\src\traditional\proc\p18F4553.asm
                      PR2   0x000fcb       data     extern C:\MCC18\src\traditional\proc\p18F4553.asm
                  PREINC0   0x000fec       data     extern C:\MCC18\src\traditional\proc\p18F4553.asm
                  PREINC1   0x000fe4       data     extern C:\MCC18\src\traditional\proc\p18F4553.asm
                  PREINC2   0x000fdc       data     extern C:\MCC18\src\traditional\proc\p18F4553.asm
                     PROD   0x000ff3       data     extern C:\MCC18\src\traditional\proc\p18F4553.asm
                    PRODH   0x000ff4       data     extern C:\MCC18\src\traditional\proc\p18F4553.asm
                    PRODL   0x000ff3       data     extern C:\MCC18\src\traditional\proc\p18F4553.asm
                     RCON   0x000fd0       data     extern C:\MCC18\src\traditional\proc\p18F4553.asm
                 RCONbits   0x000fd0       data     extern C:\MCC18\src\traditional\proc\p18F4553.asm
                    RCREG   0x000fae       data     extern C:\MCC18\src\traditional\proc\p18F4553.asm
                    RCSTA   0x000fab       data     extern C:\MCC18\src\traditional\proc\p18F4553.asm
                RCSTAbits   0x000fab       data     extern C:\MCC18\src\traditional\proc\p18F4553.asm
       ReceivedDataBuffer   0x000500       data     extern E:\LabGenius_Firmware\MicroPCR_Firmware-2.45\USB\Usb_Task.c
             RemoteWakeup   0x000172       data     extern E:\LabGenius_Firmware\MicroPCR_Firmware-2.45\USB\usb_device.c
                     SIGN   0x00000e       data     extern C:\MCC18\src\traditional\math\cmath18.asm
                    SPBRG   0x000faf       data     extern C:\MCC18\src\traditional\proc\p18F4553.asm
                   SPBRGH   0x000fb0       data     extern C:\MCC18\src\traditional\proc\p18F4553.asm
                   SPPCFG   0x000f63       data     extern C:\MCC18\src\traditional\proc\p18F4553.asm
               SPPCFGbits   0x000f63       data     extern C:\MCC18\src\traditional\proc\p18F4553.asm
                   SPPCON   0x000f65       data     extern C:\MCC18\src\traditional\proc\p18F4553.asm
               SPPCONbits   0x000f65       data     extern C:\MCC18\src\traditional\proc\p18F4553.asm
                  SPPDATA   0x000f62       data     extern C:\MCC18\src\traditional\proc\p18F4553.asm
                   SPPEPS   0x000f64       data     extern C:\MCC18\src\traditional\proc\p18F4553.asm
               SPPEPSbits   0x000f64       data     extern C:\MCC18\src\traditional\proc\p18F4553.asm
                   SSPADD   0x000fc8       data     extern C:\MCC18\src\traditional\proc\p18F4553.asm
                   SSPBUF   0x000fc9       data     extern C:\MCC18\src\traditional\proc\p18F4553.asm
                  SSPCON1   0x000fc6       data     extern C:\MCC18\src\traditional\proc\p18F4553.asm
              SSPCON1bits   0x000fc6       data     extern C:\MCC18\src\traditional\proc\p18F4553.asm
                  SSPCON2   0x000fc5       data     extern C:\MCC18\src\traditional\proc\p18F4553.asm
              SSPCON2bits   0x000fc5       data     extern C:\MCC18\src\traditional\proc\p18F4553.asm
                  SSPSTAT   0x000fc7       data     extern C:\MCC18\src\traditional\proc\p18F4553.asm
              SSPSTATbits   0x000fc7       data     extern C:\MCC18\src\traditional\proc\p18F4553.asm
                   STATUS   0x000fd8       data     extern C:\MCC18\src\traditional\proc\p18F4553.asm
               STATUSbits   0x000fd8       data     extern C:\MCC18\src\traditional\proc\p18F4553.asm
                   STKPTR   0x000ffc       data     extern C:\MCC18\src\traditional\proc\p18F4553.asm
               STKPTRbits   0x000ffc       data     extern C:\MCC18\src\traditional\proc\p18F4553.asm
                 SetupPkt   0x000420       data     extern E:\LabGenius_Firmware\MicroPCR_Firmware-2.45\USB\usb_device.c
                    T0CON   0x000fd5       data     extern C:\MCC18\src\traditional\proc\p18F4553.asm
                T0CONbits   0x000fd5       data     extern C:\MCC18\src\traditional\proc\p18F4553.asm
                    T1CON   0x000fcd       data     extern C:\MCC18\src\traditional\proc\p18F4553.asm
                T1CONbits   0x000fcd       data     extern C:\MCC18\src\traditional\proc\p18F4553.asm
                    T2CON   0x000fca       data     extern C:\MCC18\src\traditional\proc\p18F4553.asm
                T2CONbits   0x000fca       data     extern C:\MCC18\src\traditional\proc\p18F4553.asm
             T2MS_Counter   0x0000e0       data     extern E:\LabGenius_Firmware\MicroPCR_Firmware-2.45\DEFINE\GlobalTypeVars.c
                T2MS_Flag   0x0000e2       data     extern E:\LabGenius_Firmware\MicroPCR_Firmware-2.45\DEFINE\GlobalTypeVars.c
            T30MS_Counter   0x0000e3       data     extern E:\LabGenius_Firmware\MicroPCR_Firmware-2.45\DEFINE\GlobalTypeVars.c
               T30MS_Flag   0x0000e5       data     extern E:\LabGenius_Firmware\MicroPCR_Firmware-2.45\DEFINE\GlobalTypeVars.c
                    T3CON   0x000fb1       data     extern C:\MCC18\src\traditional\proc\p18F4553.asm
                T3CONbits   0x000fb1       data     extern C:\MCC18\src\traditional\proc\p18F4553.asm
                   TABLAT   0x000ff5       data     extern C:\MCC18\src\traditional\proc\p18F4553.asm
                   TBLPTR   0x000ff6       data     extern C:\MCC18\src\traditional\proc\p18F4553.asm
                  TBLPTRH   0x000ff7       data     extern C:\MCC18\src\traditional\proc\p18F4553.asm
                  TBLPTRL   0x000ff6       data     extern C:\MCC18\src\traditional\proc\p18F4553.asm
                  TBLPTRU   0x000ff8       data     extern C:\MCC18\src\traditional\proc\p18F4553.asm
                    TMR0H   0x000fd7       data     extern C:\MCC18\src\traditional\proc\p18F4553.asm
                    TMR0L   0x000fd6       data     extern C:\MCC18\src\traditional\proc\p18F4553.asm
                    TMR1H   0x000fcf       data     extern C:\MCC18\src\traditional\proc\p18F4553.asm
                    TMR1L   0x000fce       data     extern C:\MCC18\src\traditional\proc\p18F4553.asm
                     TMR2   0x000fcc       data     extern C:\MCC18\src\traditional\proc\p18F4553.asm
                    TMR3H   0x000fb3       data     extern C:\MCC18\src\traditional\proc\p18F4553.asm
                    TMR3L   0x000fb2       data     extern C:\MCC18\src\traditional\proc\p18F4553.asm
                      TOS   0x000ffd       data     extern C:\MCC18\src\traditional\proc\p18F4553.asm
                     TOSH   0x000ffe       data     extern C:\MCC18\src\traditional\proc\p18F4553.asm
                     TOSL   0x000ffd       data     extern C:\MCC18\src\traditional\proc\p18F4553.asm
                     TOSU   0x000fff       data     extern C:\MCC18\src\traditional\proc\p18F4553.asm
                    TRISA   0x000f92       data     extern C:\MCC18\src\traditional\proc\p18F4553.asm
                TRISAbits   0x000f92       data     extern C:\MCC18\src\traditional\proc\p18F4553.asm
                    TRISB   0x000f93       data     extern C:\MCC18\src\traditional\proc\p18F4553.asm
                TRISBbits   0x000f93       data     extern C:\MCC18\src\traditional\proc\p18F4553.asm
                    TRISC   0x000f94       data     extern C:\MCC18\src\traditional\proc\p18F4553.asm
                TRISCbits   0x000f94       data     extern C:\MCC18\src\traditional\proc\p18F4553.asm
                    TRISD   0x000f95       data     extern C:\MCC18\src\traditional\proc\p18F4553.asm
                TRISDbits   0x000f95       data     extern C:\MCC18\src\traditional\proc\p18F4553.asm
                    TRISE   0x000f96       data     extern C:\MCC18\src\traditional\proc\p18F4553.asm
                TRISEbits   0x000f96       data     extern C:\MCC18\src\traditional\proc\p18F4553.asm
                    TXREG   0x000fad       data     extern C:\MCC18\src\traditional\proc\p18F4553.asm
                    TXSTA   0x000fac       data     extern C:\MCC18\src\traditional\proc\p18F4553.asm
                TXSTAbits   0x000fac       data     extern C:\MCC18\src\traditional\proc\p18F4553.asm
         ToSendDataBuffer   0x000540       data     extern E:\LabGenius_Firmware\MicroPCR_Firmware-2.45\USB\Usb_Task.c
                    UADDR   0x000f6e       data     extern C:\MCC18\src\traditional\proc\p18F4553.asm
                UADDRbits   0x000f6e       data     extern C:\MCC18\src\traditional\proc\p18F4553.asm
                     UCFG   0x000f6f       data     extern C:\MCC18\src\traditional\proc\p18F4553.asm
                 UCFGbits   0x000f6f       data     extern C:\MCC18\src\traditional\proc\p18F4553.asm
                     UCON   0x000f6d       data     extern C:\MCC18\src\traditional\proc\p18F4553.asm
                 UCONbits   0x000f6d       data     extern C:\MCC18\src\traditional\proc\p18F4553.asm
                     UEIE   0x000f6b       data     extern C:\MCC18\src\traditional\proc\p18F4553.asm
                 UEIEbits   0x000f6b       data     extern C:\MCC18\src\traditional\proc\p18F4553.asm
                     UEIR   0x000f6a       data     extern C:\MCC18\src\traditional\proc\p18F4553.asm
                 UEIRbits   0x000f6a       data     extern C:\MCC18\src\traditional\proc\p18F4553.asm
                     UEP0   0x000f70       data     extern C:\MCC18\src\traditional\proc\p18F4553.asm
                 UEP0bits   0x000f70       data     extern C:\MCC18\src\traditional\proc\p18F4553.asm
                     UEP1   0x000f71       data     extern C:\MCC18\src\traditional\proc\p18F4553.asm
                    UEP10   0x000f7a       data     extern C:\MCC18\src\traditional\proc\p18F4553.asm
                UEP10bits   0x000f7a       data     extern C:\MCC18\src\traditional\proc\p18F4553.asm
                    UEP11   0x000f7b       data     extern C:\MCC18\src\traditional\proc\p18F4553.asm
                UEP11bits   0x000f7b       data     extern C:\MCC18\src\traditional\proc\p18F4553.asm
                    UEP12   0x000f7c       data     extern C:\MCC18\src\traditional\proc\p18F4553.asm
                UEP12bits   0x000f7c       data     extern C:\MCC18\src\traditional\proc\p18F4553.asm
                    UEP13   0x000f7d       data     extern C:\MCC18\src\traditional\proc\p18F4553.asm
                UEP13bits   0x000f7d       data     extern C:\MCC18\src\traditional\proc\p18F4553.asm
                    UEP14   0x000f7e       data     extern C:\MCC18\src\traditional\proc\p18F4553.asm
                UEP14bits   0x000f7e       data     extern C:\MCC18\src\traditional\proc\p18F4553.asm
                    UEP15   0x000f7f       data     extern C:\MCC18\src\traditional\proc\p18F4553.asm
                UEP15bits   0x000f7f       data     extern C:\MCC18\src\traditional\proc\p18F4553.asm
                 UEP1bits   0x000f71       data     extern C:\MCC18\src\traditional\proc\p18F4553.asm
                     UEP2   0x000f72       data     extern C:\MCC18\src\traditional\proc\p18F4553.asm
                 UEP2bits   0x000f72       data     extern C:\MCC18\src\traditional\proc\p18F4553.asm
                     UEP3   0x000f73       data     extern C:\MCC18\src\traditional\proc\p18F4553.asm
                 UEP3bits   0x000f73       data     extern C:\MCC18\src\traditional\proc\p18F4553.asm
                     UEP4   0x000f74       data     extern C:\MCC18\src\traditional\proc\p18F4553.asm
                 UEP4bits   0x000f74       data     extern C:\MCC18\src\traditional\proc\p18F4553.asm
                     UEP5   0x000f75       data     extern C:\MCC18\src\traditional\proc\p18F4553.asm
                 UEP5bits   0x000f75       data     extern C:\MCC18\src\traditional\proc\p18F4553.asm
                     UEP6   0x000f76       data     extern C:\MCC18\src\traditional\proc\p18F4553.asm
                 UEP6bits   0x000f76       data     extern C:\MCC18\src\traditional\proc\p18F4553.asm
                     UEP7   0x000f77       data     extern C:\MCC18\src\traditional\proc\p18F4553.asm
                 UEP7bits   0x000f77       data     extern C:\MCC18\src\traditional\proc\p18F4553.asm
                     UEP8   0x000f78       data     extern C:\MCC18\src\traditional\proc\p18F4553.asm
                 UEP8bits   0x000f78       data     extern C:\MCC18\src\traditional\proc\p18F4553.asm
                     UEP9   0x000f79       data     extern C:\MCC18\src\traditional\proc\p18F4553.asm
                 UEP9bits   0x000f79       data     extern C:\MCC18\src\traditional\proc\p18F4553.asm
                     UFRM   0x000f66       data     extern C:\MCC18\src\traditional\proc\p18F4553.asm
                    UFRMH   0x000f67       data     extern C:\MCC18\src\traditional\proc\p18F4553.asm
                UFRMHbits   0x000f67       data     extern C:\MCC18\src\traditional\proc\p18F4553.asm
                    UFRML   0x000f66       data     extern C:\MCC18\src\traditional\proc\p18F4553.asm
                UFRMLbits   0x000f66       data     extern C:\MCC18\src\traditional\proc\p18F4553.asm
                      UIE   0x000f69       data     extern C:\MCC18\src\traditional\proc\p18F4553.asm
                  UIEbits   0x000f69       data     extern C:\MCC18\src\traditional\proc\p18F4553.asm
                      UIR   0x000f68       data     extern C:\MCC18\src\traditional\proc\p18F4553.asm
                  UIRbits   0x000f68       data     extern C:\MCC18\src\traditional\proc\p18F4553.asm
   USBActiveConfiguration   0x000154       data     extern E:\LabGenius_Firmware\MicroPCR_Firmware-2.45\USB\usb_device.c
    USBAlternateInterface   0x000155       data     extern E:\LabGenius_Firmware\MicroPCR_Firmware-2.45\USB\usb_device.c
           USBDeviceState   0x000153       data     extern E:\LabGenius_Firmware\MicroPCR_Firmware-2.45\USB\usb_device.c
                USBInData   0x000177       data     extern E:\LabGenius_Firmware\MicroPCR_Firmware-2.45\USB\usb_device.c
              USBInHandle   0x0000fa       data     extern E:\LabGenius_Firmware\MicroPCR_Firmware-2.45\USB\Usb_Task.c
       USBInMaxPacketSize   0x000175       data     extern E:\LabGenius_Firmware\MicroPCR_Firmware-2.45\USB\usb_device.c
             USBOutHandle   0x0000f8       data     extern E:\LabGenius_Firmware\MicroPCR_Firmware-2.45\USB\Usb_Task.c
                    USTAT   0x000f6c       data     extern C:\MCC18\src\traditional\proc\p18F4553.asm
                USTATbits   0x000f6c       data     extern C:\MCC18\src\traditional\proc\p18F4553.asm
                USTATcopy   0x000173       data     extern E:\LabGenius_Firmware\MicroPCR_Firmware-2.45\USB\usb_device.c
                   WDTCON   0x000fd1       data     extern C:\MCC18\src\traditional\proc\p18F4553.asm
               WDTCONbits   0x000fd1       data     extern C:\MCC18\src\traditional\proc\p18F4553.asm
                     WREG   0x000fe8       data     extern C:\MCC18\src\traditional\proc\p18F4553.asm
                 __AARGB0   0x000007       data     extern C:\MCC18\src\traditional\math\aarg.asm
                 __AARGB1   0x000006       data     extern C:\MCC18\src\traditional\math\aarg.asm
                 __AARGB2   0x000005       data     extern C:\MCC18\src\traditional\math\aarg.asm
                 __AARGB3   0x000004       data     extern C:\MCC18\src\traditional\math\aarg.asm
                 __AARGB4   0x000003       data     extern C:\MCC18\src\traditional\math\aarg.asm
                 __AARGB5   0x000002       data     extern C:\MCC18\src\traditional\math\aarg.asm
                 __AARGB6   0x000001       data     extern C:\MCC18\src\traditional\math\aarg.asm
                 __AARGB7   0x000000       data     extern C:\MCC18\src\traditional\math\aarg.asm
                   __AEXP   0x000008       data     extern C:\MCC18\src\traditional\math\aarg.asm
                 __BARGB0   0x00000c       data     extern C:\MCC18\src\traditional\math\barg.asm
                 __BARGB1   0x00000b       data     extern C:\MCC18\src\traditional\math\barg.asm
                 __BARGB2   0x00000a       data     extern C:\MCC18\src\traditional\math\barg.asm
                 __BARGB3   0x000009       data     extern C:\MCC18\src\traditional\math\barg.asm
                   __BEXP   0x00000d       data     extern C:\MCC18\src\traditional\math\barg.asm
                __FPFLAGS   0x00000f       data     extern C:\MCC18\src\traditional\math\cmath18.asm
            __FPFLAGSbits   0x00000f       data     extern C:\MCC18\src\traditional\math\cmath18.asm
                  __REMB0   0x000003       data     extern C:\MCC18\src\traditional\math\aarg.asm
                  __REMB1   0x000002       data     extern C:\MCC18\src\traditional\math\aarg.asm
                  __REMB2   0x000001       data     extern C:\MCC18\src\traditional\math\aarg.asm
                  __REMB3   0x000000       data     extern C:\MCC18\src\traditional\math\aarg.asm
                   __TEMP   0x000013       data     extern C:\MCC18\src\traditional\math\temparg.asm
                 __TEMPB0   0x000013       data     extern C:\MCC18\src\traditional\math\temparg.asm
                 __TEMPB1   0x000012       data     extern C:\MCC18\src\traditional\math\temparg.asm
                 __TEMPB2   0x000011       data     extern C:\MCC18\src\traditional\math\temparg.asm
                 __TEMPB3   0x000010       data     extern C:\MCC18\src\traditional\math\temparg.asm
                  __tmp_0   0x000014       data     static C:\MCC18\src\traditional\stdclib\fabs.c
                  __tmp_0   0x000014       data     static E:\LabGenius_Firmware\MicroPCR_Firmware-2.45\USB\Usb_Task.c
                  __tmp_0   0x000014       data     static E:\LabGenius_Firmware\MicroPCR_Firmware-2.45\USB\usb_device.c
                  __tmp_0   0x000014       data     static E:\LabGenius_Firmware\MicroPCR_Firmware-2.45\PCR\PCRTask.c
                  __tmp_0   0x000014       data     static E:\LabGenius_Firmware\MicroPCR_Firmware-2.45\CONFIG\Init.c
                  __tmp_0   0x000014       data     static E:\LabGenius_Firmware\MicroPCR_Firmware-2.45\TOOLS\Delay.c
          active_protocol   0x0000fd       data     extern E:\LabGenius_Firmware\MicroPCR_Firmware-2.45\USB\usb_function_hid.c
                chamber_h   0x000100       data     extern E:\LabGenius_Firmware\MicroPCR_Firmware-2.45\PCR\PCRTask.c
                chamber_l   0x000101       data     extern E:\LabGenius_Firmware\MicroPCR_Firmware-2.45\PCR\PCRTask.c
             compensation   0x000124       data     extern E:\LabGenius_Firmware\MicroPCR_Firmware-2.45\PCR\PCRTask.c
     controlTransferState   0x000163       data     extern E:\LabGenius_Firmware\MicroPCR_Firmware-2.45\USB\usb_device.c
                curr_byte   0x0000f1       data     static C:\MCC18\src\traditional\startup\c018i.c
               curr_entry   0x0000f3       data     static C:\MCC18\src\traditional\startup\c018i.c
             currentError   0x000104       data     extern E:\LabGenius_Firmware\MicroPCR_Firmware-2.45\PCR\PCRTask.c
             currentState   0x0000ed       data     extern E:\LabGenius_Firmware\MicroPCR_Firmware-2.45\DEFINE\GlobalTypeVars.c
        currentTargetTemp   0x00010b       data     extern E:\LabGenius_Firmware\MicroPCR_Firmware-2.45\PCR\PCRTask.c
              currentTemp   0x000106       data     extern E:\LabGenius_Firmware\MicroPCR_Firmware-2.45\PCR\PCRTask.c
                 data_ptr   0x0000f5       data     static C:\MCC18\src\traditional\startup\c018i.c
              delay_count   0x0000fe       data     static E:\LabGenius_Firmware\MicroPCR_Firmware-2.45\USB\Usb_Task.c
     fallingTargetArrival   0x0000e9       data     extern E:\LabGenius_Firmware\MicroPCR_Firmware-2.45\DEFINE\GlobalTypeVars.c
                  fanFlag   0x000128       data     extern E:\LabGenius_Firmware\MicroPCR_Firmware-2.45\PCR\PCRTask.c
              freeRunning   0x0000e8       data     extern E:\LabGenius_Firmware\MicroPCR_Firmware-2.45\DEFINE\GlobalTypeVars.c
       freeRunningCounter   0x0000e6       data     extern E:\LabGenius_Firmware\MicroPCR_Firmware-2.45\DEFINE\GlobalTypeVars.c
            hid_report_in   0x000433       data     extern E:\LabGenius_Firmware\MicroPCR_Firmware-2.45\USB\usb_device.c
           hid_report_out   0x000430       data     extern E:\LabGenius_Firmware\MicroPCR_Firmware-2.45\USB\usb_device.c
                idle_rate   0x0000fc       data     extern E:\LabGenius_Firmware\MicroPCR_Firmware-2.45\USB\usb_function_hid.c
                  inPipes   0x000164       data     extern E:\LabGenius_Firmware\MicroPCR_Firmware-2.45\USB\usb_device.c
              integralMax   0x000120       data     extern E:\LabGenius_Firmware\MicroPCR_Firmware-2.45\PCR\PCRTask.c
                       kd   0x00011c       data     extern E:\LabGenius_Firmware\MicroPCR_Firmware-2.45\PCR\PCRTask.c
                       ki   0x000118       data     extern E:\LabGenius_Firmware\MicroPCR_Firmware-2.45\PCR\PCRTask.c
                       kp   0x000114       data     extern E:\LabGenius_Firmware\MicroPCR_Firmware-2.45\PCR\PCRTask.c
                lastError   0x000110       data     extern E:\LabGenius_Firmware\MicroPCR_Firmware-2.45\PCR\PCRTask.c
             lastIntegral   0x00010c       data     extern E:\LabGenius_Firmware\MicroPCR_Firmware-2.45\PCR\PCRTask.c
                 outPipes   0x000169       data     extern E:\LabGenius_Firmware\MicroPCR_Firmware-2.45\USB\usb_device.c
   pBDTEntryEP0OutCurrent   0x000156       data     extern E:\LabGenius_Firmware\MicroPCR_Firmware-2.45\USB\usb_device.c
      pBDTEntryEP0OutNext   0x000158       data     extern E:\LabGenius_Firmware\MicroPCR_Firmware-2.45\USB\usb_device.c
              pBDTEntryIn   0x00015e       data     extern E:\LabGenius_Firmware\MicroPCR_Firmware-2.45\USB\usb_device.c
             pBDTEntryOut   0x00015a       data     extern E:\LabGenius_Firmware\MicroPCR_Firmware-2.45\USB\usb_device.c
                     pDst   0x000170       data     extern E:\LabGenius_Firmware\MicroPCR_Firmware-2.45\USB\usb_device.c
            pTemp_Chamber   0x000129       data     extern E:\LabGenius_Firmware\MicroPCR_Firmware-2.45\PCR\PCRTask.c
             photodiode_h   0x000102       data     extern E:\LabGenius_Firmware\MicroPCR_Firmware-2.45\PCR\PCRTask.c
             photodiode_l   0x000103       data     extern E:\LabGenius_Firmware\MicroPCR_Firmware-2.45\PCR\PCRTask.c
             powerCounter   0x0000ea       data     extern E:\LabGenius_Firmware\MicroPCR_Firmware-2.45\DEFINE\GlobalTypeVars.c
                prevState   0x0000ec       data     extern E:\LabGenius_Firmware\MicroPCR_Firmware-2.45\DEFINE\GlobalTypeVars.c
           prevTargetTemp   0x00010a       data     extern E:\LabGenius_Firmware\MicroPCR_Firmware-2.45\PCR\PCRTask.c
                     prom   0x0000ee       data     static C:\MCC18\src\traditional\startup\c018i.c
             request_data   0x000105       data     extern E:\LabGenius_Firmware\MicroPCR_Firmware-2.45\PCR\PCRTask.c
                 rxBuffer   0x000060       data     extern E:\LabGenius_Firmware\MicroPCR_Firmware-2.45\DEFINE\GlobalTypeVars.c
        shortPacketStatus   0x000162       data     extern E:\LabGenius_Firmware\MicroPCR_Firmware-2.45\USB\usb_device.c
              temp_buffer   0x00012b       data     extern E:\LabGenius_Firmware\MicroPCR_Firmware-2.45\PCR\PCRTask.c
             temp_buffer2   0x00013f       data     extern E:\LabGenius_Firmware\MicroPCR_Firmware-2.45\PCR\PCRTask.c
                 txBuffer   0x0000a0       data     extern E:\LabGenius_Firmware\MicroPCR_Firmware-2.45\DEFINE\GlobalTypeVars.c



                              Symbols - Sorted by Address
                     Name    Address   Location    Storage File                     
                ---------  ---------  ---------  --------- ---------                
                   _entry   0x000000    program     extern C:\MCC18\src\traditional\startup\c018i.c
       ___return_lbl00000   0x000004    program     static                          
                 High_ISR   0x000008    program     extern E:\LabGenius_Firmware\MicroPCR_Firmware-2.45\CONFIG\BootLoader.h
       ___return_lbl00003   0x00000c    program     static                          
                  Low_ISR   0x000018    program     extern E:\LabGenius_Firmware\MicroPCR_Firmware-2.45\CONFIG\BootLoader.h
       ___return_lbl00004   0x00001c    program     static                          
                   _reset   0x001000    program     extern E:\LabGenius_Firmware\MicroPCR_Firmware-2.45\CONFIG\BootLoader.h
       ___return_lbl00000   0x001004    program     static                          
        Remapped_High_ISR   0x001008    program     extern E:\LabGenius_Firmware\MicroPCR_Firmware-2.45\CONFIG\BootLoader.h
       ___return_lbl00001   0x00100c    program     static                          
         Remapped_Low_ISR   0x001018    program     extern E:\LabGenius_Firmware\MicroPCR_Firmware-2.45\CONFIG\BootLoader.h
       ___return_lbl00002   0x00101c    program     static                          
                 PCR_Task   0x001050    program     extern E:\LabGenius_Firmware\MicroPCR_Firmware-2.45\PCR\PCRTask.c
          ReadTemperature   0x001088    program     extern E:\LabGenius_Firmware\MicroPCR_Firmware-2.45\PCR\PCRTask.c
           ReadPhotodiode   0x00118c    program     extern E:\LabGenius_Firmware\MicroPCR_Firmware-2.45\PCR\PCRTask.c
                quickSort   0x001198    program     extern E:\LabGenius_Firmware\MicroPCR_Firmware-2.45\PCR\PCRTask.c
              Sensor_Task   0x0015c6    program     extern E:\LabGenius_Firmware\MicroPCR_Firmware-2.45\PCR\PCRTask.c
          Command_Setting   0x0018a8    program     extern E:\LabGenius_Firmware\MicroPCR_Firmware-2.45\PCR\PCRTask.c
                 Run_Task   0x0019d6    program     extern E:\LabGenius_Firmware\MicroPCR_Firmware-2.45\PCR\PCRTask.c
              PID_Control   0x001b52    program     extern E:\LabGenius_Firmware\MicroPCR_Firmware-2.45\PCR\PCRTask.c
                Stop_Task   0x002170    program     extern E:\LabGenius_Firmware\MicroPCR_Firmware-2.45\PCR\PCRTask.c
         TxBuffer_Setting   0x002182    program     extern E:\LabGenius_Firmware\MicroPCR_Firmware-2.45\PCR\PCRTask.c
            USBDeviceInit   0x00222e    program     extern E:\LabGenius_Firmware\MicroPCR_Firmware-2.45\USB\usb_device.c
           USBDeviceTasks   0x0022ca    program     extern E:\LabGenius_Firmware\MicroPCR_Firmware-2.45\USB\usb_device.c
          USBStallHandler   0x00240c    program     extern E:\LabGenius_Firmware\MicroPCR_Firmware-2.45\USB\usb_device.c
               USBSuspend   0x00243e    program     extern E:\LabGenius_Firmware\MicroPCR_Firmware-2.45\USB\usb_device.c
       USBWakeFromSuspend   0x002462    program     extern E:\LabGenius_Firmware\MicroPCR_Firmware-2.45\USB\usb_device.c
         USBCtrlEPService   0x00248c    program     extern E:\LabGenius_Firmware\MicroPCR_Firmware-2.45\USB\usb_device.c
   USBCtrlTrfSetupHandler   0x002566    program     extern E:\LabGenius_Firmware\MicroPCR_Firmware-2.45\USB\usb_device.c
     USBCtrlTrfOutHandler   0x0025ac    program     extern E:\LabGenius_Firmware\MicroPCR_Firmware-2.45\USB\usb_device.c
      USBCtrlTrfInHandler   0x0025f8    program     extern E:\LabGenius_Firmware\MicroPCR_Firmware-2.45\USB\usb_device.c
USBPrepareForNextSetupTrf   0x002692    program     extern E:\LabGenius_Firmware\MicroPCR_Firmware-2.45\USB\usb_device.c
       USBCheckStdRequest   0x0026f8    program     extern E:\LabGenius_Firmware\MicroPCR_Firmware-2.45\USB\usb_device.c
  USBStdFeatureReqHandler   0x0027c0    program     extern E:\LabGenius_Firmware\MicroPCR_Firmware-2.45\USB\usb_device.c
      USBStdGetDscHandler   0x0028da    program     extern E:\LabGenius_Firmware\MicroPCR_Firmware-2.45\USB\usb_device.c
   USBStdGetStatusHandler   0x00298e    program     extern E:\LabGenius_Firmware\MicroPCR_Firmware-2.45\USB\usb_device.c
 USBCtrlEPServiceComplete   0x002a50    program     extern E:\LabGenius_Firmware\MicroPCR_Firmware-2.45\USB\usb_device.c
      USBCtrlTrfTxService   0x002bfa    program     extern E:\LabGenius_Firmware\MicroPCR_Firmware-2.45\USB\usb_device.c
      USBCtrlTrfRxService   0x002d10    program     extern E:\LabGenius_Firmware\MicroPCR_Firmware-2.45\USB\usb_device.c
      USBStdSetCfgHandler   0x002e4c    program     extern E:\LabGenius_Firmware\MicroPCR_Firmware-2.45\USB\usb_device.c
     USBConfigureEndpoint   0x002ebe    program     extern E:\LabGenius_Firmware\MicroPCR_Firmware-2.45\USB\usb_device.c
        USBEnableEndpoint   0x002f92    program     extern E:\LabGenius_Firmware\MicroPCR_Firmware-2.45\USB\usb_device.c
         USBStallEndpoint   0x002ffe    program     extern E:\LabGenius_Firmware\MicroPCR_Firmware-2.45\USB\usb_device.c
     USBTransferOnePacket   0x0030de    program     extern E:\LabGenius_Firmware\MicroPCR_Firmware-2.45\USB\usb_device.c
              USBCancelIO   0x0031d0    program     extern E:\LabGenius_Firmware\MicroPCR_Firmware-2.45\USB\usb_device.c
          USBDeviceDetach   0x003280    program     extern E:\LabGenius_Firmware\MicroPCR_Firmware-2.45\USB\usb_device.c
          USBDeviceAttach   0x00328e    program     extern E:\LabGenius_Firmware\MicroPCR_Firmware-2.45\USB\usb_device.c
        NTC_CHAMBER_TABLE   0x0032bc    program     extern E:\LabGenius_Firmware\MicroPCR_Firmware-2.45\PCR\Temp_Table.c
                 FLO0832U   0x003abc    program     extern C:\MCC18\src\traditional\math\cast08FP.asm
                 FLO0832S   0x003ac0    program     extern C:\MCC18\src\traditional\math\cast08FP.asm
                jI2F08Beg   0x003aca    program     static C:\MCC18\src\traditional\math\cast08FP.asm
                 FLO1632U   0x003ade    program     extern C:\MCC18\src\traditional\math\cast16FP.asm
                 FLO1632S   0x003ae2    program     extern C:\MCC18\src\traditional\math\cast16FP.asm
                jI2F16Beg   0x003af2    program     static C:\MCC18\src\traditional\math\cast16FP.asm
                    FPS32   0x003b08    program     extern C:\MCC18\src\traditional\math\addFP.asm
                    FPA32   0x003b0a    program     extern C:\MCC18\src\traditional\math\addFP.asm
                jBANotInf   0x003b28    program     static C:\MCC18\src\traditional\math\addFP.asm
                 jANotInf   0x003b32    program     static C:\MCC18\src\traditional\math\addFP.asm
                 jBNotInf   0x003b40    program     static C:\MCC18\src\traditional\math\addFP.asm
            jDifOrPosSign   0x003b54    program     static C:\MCC18\src\traditional\math\addFP.asm
             jNotBothZero   0x003b58    program     static C:\MCC18\src\traditional\math\addFP.asm
                 jAltBexp   0x003b84    program     static C:\MCC18\src\traditional\math\addFP.asm
              jAandWsetup   0x003b96    program     static C:\MCC18\src\traditional\math\addFP.asm
                 jANotNeg   0x003bc6    program     static C:\MCC18\src\traditional\math\addFP.asm
                 jWNotNeg   0x003bda    program     static C:\MCC18\src\traditional\math\addFP.asm
               jShiftLoop   0x003be0    program     static C:\MCC18\src\traditional\math\addFP.asm
               jShiftDone   0x003bee    program     static C:\MCC18\src\traditional\math\addFP.asm
                jSignDone   0x003c1e    program     static C:\MCC18\src\traditional\math\addFP.asm
               jFinalSign   0x003c2e    program     static C:\MCC18\src\traditional\math\addFP.asm
                    FPM32   0x003c36    program     extern C:\MCC18\src\traditional\math\mulFP.asm
                 jANotInf   0x003c54    program     static C:\MCC18\src\traditional\math\mulFP.asm
              jBothFinite   0x003c62    program     static C:\MCC18\src\traditional\math\mulFP.asm
                jHaveZero   0x003c6a    program     static C:\MCC18\src\traditional\math\mulFP.asm
             jBothNotZero   0x003c6e    program     static C:\MCC18\src\traditional\math\mulFP.asm
                  INT3216   0x003d10    program     extern C:\MCC18\src\traditional\math\castFP16.asm
                     jMax   0x003d20    program     static C:\MCC18\src\traditional\math\castFP16.asm
                  jMaxPos   0x003d24    program     static C:\MCC18\src\traditional\math\castFP16.asm
                  jMaxNeg   0x003d2e    program     static C:\MCC18\src\traditional\math\castFP16.asm
                    jZero   0x003d36    program     static C:\MCC18\src\traditional\math\castFP16.asm
                  jNotInf   0x003d3c    program     static C:\MCC18\src\traditional\math\castFP16.asm
                    jLoop   0x003d4c    program     static C:\MCC18\src\traditional\math\castFP16.asm
                jLoopExit   0x003d5c    program     static C:\MCC18\src\traditional\math\castFP16.asm
                    jExit   0x003d6c    program     static C:\MCC18\src\traditional\math\castFP16.asm
                  TAGTB32   0x003d6e    program     extern C:\MCC18\src\traditional\math\gtFP.asm
                  TALTB32   0x003d80    program     extern C:\MCC18\src\traditional\math\ltFP.asm
              __FpCompare   0x003d92    program     extern C:\MCC18\src\traditional\math\compFP.asm
             jBothNotZero   0x003db0    program     static C:\MCC18\src\traditional\math\compFP.asm
                 jSignsEQ   0x003db4    program     static C:\MCC18\src\traditional\math\compFP.asm
                      jEQ   0x003dcc    program     static C:\MCC18\src\traditional\math\compFP.asm
                      jNE   0x003dd0    program     static C:\MCC18\src\traditional\math\compFP.asm
                    jExch   0x003dd8    program     static C:\MCC18\src\traditional\math\compFP.asm
                  jNoExch   0x003df8    program     static C:\MCC18\src\traditional\math\compFP.asm
                   jFinal   0x003e02    program     static C:\MCC18\src\traditional\math\compFP.asm
                  jAisNeg   0x003e0e    program     static C:\MCC18\src\traditional\math\compFP.asm
                   jShift   0x003e14    program     static C:\MCC18\src\traditional\math\compFP.asm
                   jExpEQ   0x003e1e    program     static C:\MCC18\src\traditional\math\compFP.asm
                  jRotate   0x003e2a    program     static C:\MCC18\src\traditional\math\compFP.asm
            __FpReturnNaN   0x003e3c    program     extern C:\MCC18\src\traditional\math\packFP.asm
                 __FpExit   0x003e48    program     extern C:\MCC18\src\traditional\math\packFP.asm
        __FpReturnSignInf   0x003e4a    program     extern C:\MCC18\src\traditional\math\packFP.asm
         __FpReturnNegInf   0x003e4e    program     extern C:\MCC18\src\traditional\math\packFP.asm
[...]
                    UEP12   0x000f7c       data     extern C:\MCC18\src\traditional\proc\p18F4553.asm
                UEP12bits   0x000f7c       data     extern C:\MCC18\src\traditional\proc\p18F4553.asm
                UEP13bits   0x000f7d       data     extern C:\MCC18\src\traditional\proc\p18F4553.asm
                    UEP13   0x000f7d       data     extern C:\MCC18\src\traditional\proc\p18F4553.asm
                    UEP14   0x000f7e       data     extern C:\MCC18\src\traditional\proc\p18F4553.asm
                UEP14bits   0x000f7e       data     extern C:\MCC18\src\traditional\proc\p18F4553.asm
                UEP15bits   0x000f7f       data     extern C:\MCC18\src\traditional\proc\p18F4553.asm
                    UEP15   0x000f7f       data     extern C:\MCC18\src\traditional\proc\p18F4553.asm
                    PORTA   0x000f80       data     extern C:\MCC18\src\traditional\proc\p18F4553.asm
                PORTAbits   0x000f80       data     extern C:\MCC18\src\traditional\proc\p18F4553.asm
                    PORTB   0x000f81       data     extern C:\MCC18\src\traditional\proc\p18F4553.asm
                PORTBbits   0x000f81       data     extern C:\MCC18\src\traditional\proc\p18F4553.asm
                    PORTC   0x000f82       data     extern C:\MCC18\src\traditional\proc\p18F4553.asm
                PORTCbits   0x000f82       data     extern C:\MCC18\src\traditional\proc\p18F4553.asm
                    PORTD   0x000f83       data     extern C:\MCC18\src\traditional\proc\p18F4553.asm
                PORTDbits   0x000f83       data     extern C:\MCC18\src\traditional\proc\p18F4553.asm
                    PORTE   0x000f84       data     extern C:\MCC18\src\traditional\proc\p18F4553.asm
                PORTEbits   0x000f84       data     extern C:\MCC18\src\traditional\proc\p18F4553.asm
                 LATAbits   0x000f89       data     extern C:\MCC18\src\traditional\proc\p18F4553.asm
                     LATA   0x000f89       data     extern C:\MCC18\src\traditional\proc\p18F4553.asm
                 LATBbits   0x000f8a       data     extern C:\MCC18\src\traditional\proc\p18F4553.asm
                     LATB   0x000f8a       data     extern C:\MCC18\src\traditional\proc\p18F4553.asm
                     LATC   0x000f8b       data     extern C:\MCC18\src\traditional\proc\p18F4553.asm
                 LATCbits   0x000f8b       data     extern C:\MCC18\src\traditional\proc\p18F4553.asm
                     LATD   0x000f8c       data     extern C:\MCC18\src\traditional\proc\p18F4553.asm
                 LATDbits   0x000f8c       data     extern C:\MCC18\src\traditional\proc\p18F4553.asm
                 LATEbits   0x000f8d       data     extern C:\MCC18\src\traditional\proc\p18F4553.asm
                     LATE   0x000f8d       data     extern C:\MCC18\src\traditional\proc\p18F4553.asm
                    TRISA   0x000f92       data     extern C:\MCC18\src\traditional\proc\p18F4553.asm
                TRISAbits   0x000f92       data     extern C:\MCC18\src\traditional\proc\p18F4553.asm
                 DDRAbits   0x000f92       data     extern C:\MCC18\src\traditional\proc\p18F4553.asm
                     DDRA   0x000f92       data     extern C:\MCC18\src\traditional\proc\p18F4553.asm
                 DDRBbits   0x000f93       data     extern C:\MCC18\src\traditional\proc\p18F4553.asm
                     DDRB   0x000f93       data     extern C:\MCC18\src\traditional\proc\p18F4553.asm
                    TRISB   0x000f93       data     extern C:\MCC18\src\traditional\proc\p18F4553.asm
                TRISBbits   0x000f93       data     extern C:\MCC18\src\traditional\proc\p18F4553.asm
                 DDRCbits   0x000f94       data     extern C:\MCC18\src\traditional\proc\p18F4553.asm
                     DDRC   0x000f94       data     extern C:\MCC18\src\traditional\proc\p18F4553.asm
                    TRISC   0x000f94       data     extern C:\MCC18\src\traditional\proc\p18F4553.asm
                TRISCbits   0x000f94       data     extern C:\MCC18\src\traditional\proc\p18F4553.asm
                     DDRD   0x000f95       data     extern C:\MCC18\src\traditional\proc\p18F4553.asm
                 DDRDbits   0x000f95       data     extern C:\MCC18\src\traditional\proc\p18F4553.asm
                TRISDbits   0x000f95       data     extern C:\MCC18\src\traditional\proc\p18F4553.asm
                    TRISD   0x000f95       data     extern C:\MCC18\src\traditional\proc\p18F4553.asm
                     DDRE   0x000f96       data     extern C:\MCC18\src\traditional\proc\p18F4553.asm
                 DDREbits   0x000f96       data     extern C:\MCC18\src\traditional\proc\p18F4553.asm
                TRISEbits   0x000f96       data     extern C:\MCC18\src\traditional\proc\p18F4553.asm
                    TRISE   0x000f96       data     extern C:\MCC18\src\traditional\proc\p18F4553.asm
                  OSCTUNE   0x000f9b       data     extern C:\MCC18\src\traditional\proc\p18F4553.asm
              OSCTUNEbits   0x000f9b       data     extern C:\MCC18\src\traditional\proc\p18F4553.asm
                     PIE1   0x000f9d       data     extern C:\MCC18\src\traditional\proc\p18F4553.asm
                 PIE1bits   0x000f9d       data     extern C:\MCC18\src\traditional\proc\p18F4553.asm
                 PIR1bits   0x000f9e       data     extern C:\MCC18\src\traditional\proc\p18F4553.asm
                     PIR1   0x000f9e       data     extern C:\MCC18\src\traditional\proc\p18F4553.asm
                     IPR1   0x000f9f       data     extern C:\MCC18\src\traditional\proc\p18F4553.asm
                 IPR1bits   0x000f9f       data     extern C:\MCC18\src\traditional\proc\p18F4553.asm
                     PIE2   0x000fa0       data     extern C:\MCC18\src\traditional\proc\p18F4553.asm
                 PIE2bits   0x000fa0       data     extern C:\MCC18\src\traditional\proc\p18F4553.asm
                     PIR2   0x000fa1       data     extern C:\MCC18\src\traditional\proc\p18F4553.asm
                 PIR2bits   0x000fa1       data     extern C:\MCC18\src\traditional\proc\p18F4553.asm
                 IPR2bits   0x000fa2       data     extern C:\MCC18\src\traditional\proc\p18F4553.asm
                     IPR2   0x000fa2       data     extern C:\MCC18\src\traditional\proc\p18F4553.asm
               EECON1bits   0x000fa6       data     extern C:\MCC18\src\traditional\proc\p18F4553.asm
                   EECON1   0x000fa6       data     extern C:\MCC18\src\traditional\proc\p18F4553.asm
                   EECON2   0x000fa7       data     extern C:\MCC18\src\traditional\proc\p18F4553.asm
                   EEDATA   0x000fa8       data     extern C:\MCC18\src\traditional\proc\p18F4553.asm
                    EEADR   0x000fa9       data     extern C:\MCC18\src\traditional\proc\p18F4553.asm
                RCSTAbits   0x000fab       data     extern C:\MCC18\src\traditional\proc\p18F4553.asm
                    RCSTA   0x000fab       data     extern C:\MCC18\src\traditional\proc\p18F4553.asm
                TXSTAbits   0x000fac       data     extern C:\MCC18\src\traditional\proc\p18F4553.asm
                    TXSTA   0x000fac       data     extern C:\MCC18\src\traditional\proc\p18F4553.asm
                    TXREG   0x000fad       data     extern C:\MCC18\src\traditional\proc\p18F4553.asm
                    RCREG   0x000fae       data     extern C:\MCC18\src\traditional\proc\p18F4553.asm
                    SPBRG   0x000faf       data     extern C:\MCC18\src\traditional\proc\p18F4553.asm
                   SPBRGH   0x000fb0       data     extern C:\MCC18\src\traditional\proc\p18F4553.asm
                T3CONbits   0x000fb1       data     extern C:\MCC18\src\traditional\proc\p18F4553.asm
                    T3CON   0x000fb1       data     extern C:\MCC18\src\traditional\proc\p18F4553.asm
                    TMR3L   0x000fb2       data     extern C:\MCC18\src\traditional\proc\p18F4553.asm
                    TMR3H   0x000fb3       data     extern C:\MCC18\src\traditional\proc\p18F4553.asm
                    CMCON   0x000fb4       data     extern C:\MCC18\src\traditional\proc\p18F4553.asm
                CMCONbits   0x000fb4       data     extern C:\MCC18\src\traditional\proc\p18F4553.asm
                   CVRCON   0x000fb5       data     extern C:\MCC18\src\traditional\proc\p18F4553.asm
               CVRCONbits   0x000fb5       data     extern C:\MCC18\src\traditional\proc\p18F4553.asm
                  ECCP1AS   0x000fb6       data     extern C:\MCC18\src\traditional\proc\p18F4553.asm
              ECCP1ASbits   0x000fb6       data     extern C:\MCC18\src\traditional\proc\p18F4553.asm
               CCP1ASbits   0x000fb6       data     extern C:\MCC18\src\traditional\proc\p18F4553.asm
                   CCP1AS   0x000fb6       data     extern C:\MCC18\src\traditional\proc\p18F4553.asm
                  CCP1DEL   0x000fb7       data     extern C:\MCC18\src\traditional\proc\p18F4553.asm
              CCP1DELbits   0x000fb7       data     extern C:\MCC18\src\traditional\proc\p18F4553.asm
                 ECCP1DEL   0x000fb7       data     extern C:\MCC18\src\traditional\proc\p18F4553.asm
             ECCP1DELbits   0x000fb7       data     extern C:\MCC18\src\traditional\proc\p18F4553.asm
                  BAUDCON   0x000fb8       data     extern C:\MCC18\src\traditional\proc\p18F4553.asm
              BAUDCONbits   0x000fb8       data     extern C:\MCC18\src\traditional\proc\p18F4553.asm
              CCP2CONbits   0x000fba       data     extern C:\MCC18\src\traditional\proc\p18F4553.asm
                  CCP2CON   0x000fba       data     extern C:\MCC18\src\traditional\proc\p18F4553.asm
                    CCPR2   0x000fbb       data     extern C:\MCC18\src\traditional\proc\p18F4553.asm
                   CCPR2L   0x000fbb       data     extern C:\MCC18\src\traditional\proc\p18F4553.asm
                   CCPR2H   0x000fbc       data     extern C:\MCC18\src\traditional\proc\p18F4553.asm
             ECCP1CONbits   0x000fbd       data     extern C:\MCC18\src\traditional\proc\p18F4553.asm
                 ECCP1CON   0x000fbd       data     extern C:\MCC18\src\traditional\proc\p18F4553.asm
                  CCP1CON   0x000fbd       data     extern C:\MCC18\src\traditional\proc\p18F4553.asm
              CCP1CONbits   0x000fbd       data     extern C:\MCC18\src\traditional\proc\p18F4553.asm
                    CCPR1   0x000fbe       data     extern C:\MCC18\src\traditional\proc\p18F4553.asm
                   CCPR1L   0x000fbe       data     extern C:\MCC18\src\traditional\proc\p18F4553.asm
                   CCPR1H   0x000fbf       data     extern C:\MCC18\src\traditional\proc\p18F4553.asm
               ADCON2bits   0x000fc0       data     extern C:\MCC18\src\traditional\proc\p18F4553.asm
                   ADCON2   0x000fc0       data     extern C:\MCC18\src\traditional\proc\p18F4553.asm
               ADCON1bits   0x000fc1       data     extern C:\MCC18\src\traditional\proc\p18F4553.asm
                   ADCON1   0x000fc1       data     extern C:\MCC18\src\traditional\proc\p18F4553.asm
                   ADCON0   0x000fc2       data     extern C:\MCC18\src\traditional\proc\p18F4553.asm
               ADCON0bits   0x000fc2       data     extern C:\MCC18\src\traditional\proc\p18F4553.asm
                   ADRESL   0x000fc3       data     extern C:\MCC18\src\traditional\proc\p18F4553.asm
                    ADRES   0x000fc3       data     extern C:\MCC18\src\traditional\proc\p18F4553.asm
                   ADRESH   0x000fc4       data     extern C:\MCC18\src\traditional\proc\p18F4553.asm
              SSPCON2bits   0x000fc5       data     extern C:\MCC18\src\traditional\proc\p18F4553.asm
                  SSPCON2   0x000fc5       data     extern C:\MCC18\src\traditional\proc\p18F4553.asm
              SSPCON1bits   0x000fc6       data     extern C:\MCC18\src\traditional\proc\p18F4553.asm
                  SSPCON1   0x000fc6       data     extern C:\MCC18\src\traditional\proc\p18F4553.asm
              SSPSTATbits   0x000fc7       data     extern C:\MCC18\src\traditional\proc\p18F4553.asm
                  SSPSTAT   0x000fc7       data     extern C:\MCC18\src\traditional\proc\p18F4553.asm
                   SSPADD   0x000fc8       data     extern C:\MCC18\src\traditional\proc\p18F4553.asm
                   SSPBUF   0x000fc9       data     extern C:\MCC18\src\traditional\proc\p18F4553.asm
                    T2CON   0x000fca       data     extern C:\MCC18\src\traditional\proc\p18F4553.asm
                T2CONbits   0x000fca       data     extern C:\MCC18\src\traditional\proc\p18F4553.asm
                      PR2   0x000fcb       data     extern C:\MCC18\src\traditional\proc\p18F4553.asm
                     TMR2   0x000fcc       data     extern C:\MCC18\src\traditional\proc\p18F4553.asm
                T1CONbits   0x000fcd       data     extern C:\MCC18\src\traditional\proc\p18F4553.asm
                    T1CON   0x000fcd       data     extern C:\MCC18\src\traditional\proc\p18F4553.asm
                    TMR1L   0x000fce       data     extern C:\MCC18\src\traditional\proc\p18F4553.asm
                    TMR1H   0x000fcf       data     extern C:\MCC18\src\traditional\proc\p18F4553.asm
                 RCONbits   0x000fd0       data     extern C:\MCC18\src\traditional\proc\p18F4553.asm
                     RCON   0x000fd0       data     extern C:\MCC18\src\traditional\proc\p18F4553.asm
                   WDTCON   0x000fd1       data     extern C:\MCC18\src\traditional\proc\p18F4553.asm
               WDTCONbits   0x000fd1       data     extern C:\MCC18\src\traditional\proc\p18F4553.asm
              HLVDCONbits   0x000fd2       data     extern C:\MCC18\src\traditional\proc\p18F4553.asm
                  HLVDCON   0x000fd2       data     extern C:\MCC18\src\traditional\proc\p18F4553.asm
                   LVDCON   0x000fd2       data     extern C:\MCC18\src\traditional\proc\p18F4553.asm
               LVDCONbits   0x000fd2       data     extern C:\MCC18\src\traditional\proc\p18F4553.asm
                   OSCCON   0x000fd3       data     extern C:\MCC18\src\traditional\proc\p18F4553.asm
               OSCCONbits   0x000fd3       data     extern C:\MCC18\src\traditional\proc\p18F4553.asm
                    T0CON   0x000fd5       data     extern C:\MCC18\src\traditional\proc\p18F4553.asm
                T0CONbits   0x000fd5       data     extern C:\MCC18\src\traditional\proc\p18F4553.asm
                    TMR0L   0x000fd6       data     extern C:\MCC18\src\traditional\proc\p18F4553.asm
                    TMR0H   0x000fd7       data     extern C:\MCC18\src\traditional\proc\p18F4553.asm
               STATUSbits   0x000fd8       data     extern C:\MCC18\src\traditional\proc\p18F4553.asm
                   STATUS   0x000fd8       data     extern C:\MCC18\src\traditional\proc\p18F4553.asm
                     FSR2   0x000fd9       data     extern C:\MCC18\src\traditional\proc\p18F4553.asm
                    FSR2L   0x000fd9       data     extern C:\MCC18\src\traditional\proc\p18F4553.asm
                    FSR2H   0x000fda       data     extern C:\MCC18\src\traditional\proc\p18F4553.asm
                   PLUSW2   0x000fdb       data     extern C:\MCC18\src\traditional\proc\p18F4553.asm
                  PREINC2   0x000fdc       data     extern C:\MCC18\src\traditional\proc\p18F4553.asm
                 POSTDEC2   0x000fdd       data     extern C:\MCC18\src\traditional\proc\p18F4553.asm
                 POSTINC2   0x000fde       data     extern C:\MCC18\src\traditional\proc\p18F4553.asm
                    INDF2   0x000fdf       data     extern C:\MCC18\src\traditional\proc\p18F4553.asm
                      BSR   0x000fe0       data     extern C:\MCC18\src\traditional\proc\p18F4553.asm
                    FSR1L   0x000fe1       data     extern C:\MCC18\src\traditional\proc\p18F4553.asm
                     FSR1   0x000fe1       data     extern C:\MCC18\src\traditional\proc\p18F4553.asm
                    FSR1H   0x000fe2       data     extern C:\MCC18\src\traditional\proc\p18F4553.asm
                   PLUSW1   0x000fe3       data     extern C:\MCC18\src\traditional\proc\p18F4553.asm
                  PREINC1   0x000fe4       data     extern C:\MCC18\src\traditional\proc\p18F4553.asm
                 POSTDEC1   0x000fe5       data     extern C:\MCC18\src\traditional\proc\p18F4553.asm
                 POSTINC1   0x000fe6       data     extern C:\MCC18\src\traditional\proc\p18F4553.asm
                    INDF1   0x000fe7       data     extern C:\MCC18\src\traditional\proc\p18F4553.asm
                     WREG   0x000fe8       data     extern C:\MCC18\src\traditional\proc\p18F4553.asm
                     FSR0   0x000fe9       data     extern C:\MCC18\src\traditional\proc\p18F4553.asm
                    FSR0L   0x000fe9       data     extern C:\MCC18\src\traditional\proc\p18F4553.asm
                    FSR0H   0x000fea       data     extern C:\MCC18\src\traditional\proc\p18F4553.asm
                   PLUSW0   0x000feb       data     extern C:\MCC18\src\traditional\proc\p18F4553.asm
                  PREINC0   0x000fec       data     extern C:\MCC18\src\traditional\proc\p18F4553.asm
                 POSTDEC0   0x000fed       data     extern C:\MCC18\src\traditional\proc\p18F4553.asm
                 POSTINC0   0x000fee       data     extern C:\MCC18\src\traditional\proc\p18F4553.asm
                    INDF0   0x000fef       data     extern C:\MCC18\src\traditional\proc\p18F4553.asm
              INTCON3bits   0x000ff0       data     extern C:\MCC18\src\traditional\proc\p18F4553.asm
                  INTCON3   0x000ff0       data     extern C:\MCC18\src\traditional\proc\p18F4553.asm
                  INTCON2   0x000ff1       data     extern C:\MCC18\src\traditional\proc\p18F4553.asm
              INTCON2bits   0x000ff1       data     extern C:\MCC18\src\traditional\proc\p18F4553.asm
                   INTCON   0x000ff2       data     extern C:\MCC18\src\traditional\proc\p18F4553.asm
               INTCONbits   0x000ff2       data     extern C:\MCC18\src\traditional\proc\p18F4553.asm
                     PROD   0x000ff3       data     extern C:\MCC18\src\traditional\proc\p18F4553.asm
                    PRODL   0x000ff3       data     extern C:\MCC18\src\traditional\proc\p18F4553.asm
                    PRODH   0x000ff4       data     extern C:\MCC18\src\traditional\proc\p18F4553.asm
                   TABLAT   0x000ff5       data     extern C:\MCC18\src\traditional\proc\p18F4553.asm
                  TBLPTRL   0x000ff6       data     extern C:\MCC18\src\traditional\proc\p18F4553.asm
                   TBLPTR   0x000ff6       data     extern C:\MCC18\src\traditional\proc\p18F4553.asm
                  TBLPTRH   0x000ff7       data     extern C:\MCC18\src\traditional\proc\p18F4553.asm
                  TBLPTRU   0x000ff8       data     extern C:\MCC18\src\traditional\proc\p18F4553.asm
                       PC   0x000ff9       data     extern C:\MCC18\src\traditional\proc\p18F4553.asm
                      PCL   0x000ff9       data     extern C:\MCC18\src\traditional\proc\p18F4553.asm
                   PCLATH   0x000ffa       data     extern C:\MCC18\src\traditional\proc\p18F4553.asm
                   PCLATU   0x000ffb       data     extern C:\MCC18\src\traditional\proc\p18F4553.asm
                   STKPTR   0x000ffc       data     extern C:\MCC18\src\traditional\proc\p18F4553.asm
               STKPTRbits   0x000ffc       data     extern C:\MCC18\src\traditional\proc\p18F4553.asm
                      TOS   0x000ffd       data     extern C:\MCC18\src\traditional\proc\p18F4553.asm
                     TOSL   0x000ffd       data     extern C:\MCC18\src\traditional\proc\p18F4553.asm
                     TOSH   0x000ffe       data     extern C:\MCC18\src\traditional\proc\p18F4553.asm
                     TOSU   0x000fff       data     extern C:\MCC18\src\traditional\proc\p18F4553.asm


